Component: ARM Compiler 6.15 Tool: armlink [5dd79300]

==============================================================================

Section Cross References

    main.o(.text.main) refers to stm32l0xx_hal.o(.text.HAL_Init) for HAL_Init
    main.o(.text.main) refers to main.o(.text.SystemClock_Config) for SystemClock_Config
    main.o(.text.main) refers to main.o(.text.MX_RTC_Init) for MX_RTC_Init
    main.o(.text.main) refers to bayesfunctions.o(.text.arm_gaussian_naive_bayes_predict_f32) for arm_gaussian_naive_bayes_predict_f32
    main.o(.text.main) refers to statisticsfunctions.o(.text.arm_max_f32) for arm_max_f32
    main.o(.text.main) refers to main.o(.text.Enter_Sleep_Mode) for Enter_Sleep_Mode
    main.o(.text.main) refers to main.o(.text.Stop_Mode_Resume) for Stop_Mode_Resume
    main.o(.text.main) refers to main.o(.bss.S) for S
    main.o(.text.main) refers to main.o(.rodata.classPriors) for classPriors
    main.o(.text.main) refers to main.o(.rodata.sigma) for sigma
    main.o(.text.main) refers to main.o(.rodata.theta) for theta
    main.o(.ARM.exidx.text.main) refers to main.o(.text.main) for [Anonymous Symbol]
    main.o(.text.SystemClock_Config) refers to rt_memclr.o(.text) for __aeabi_memclr4
    main.o(.text.SystemClock_Config) refers to stm32l0xx_hal_rcc.o(.text.HAL_RCC_OscConfig) for HAL_RCC_OscConfig
    main.o(.text.SystemClock_Config) refers to stm32l0xx_hal_rcc.o(.text.HAL_RCC_ClockConfig) for HAL_RCC_ClockConfig
    main.o(.text.SystemClock_Config) refers to stm32l0xx_hal_rcc_ex.o(.text.HAL_RCCEx_PeriphCLKConfig) for HAL_RCCEx_PeriphCLKConfig
    main.o(.text.SystemClock_Config) refers to main.o(.text.Error_Handler) for Error_Handler
    main.o(.ARM.exidx.text.SystemClock_Config) refers to main.o(.text.SystemClock_Config) for [Anonymous Symbol]
    main.o(.text.MX_RTC_Init) refers to stm32l0xx_hal_rtc.o(.text.HAL_RTC_Init) for HAL_RTC_Init
    main.o(.text.MX_RTC_Init) refers to main.o(.text.Error_Handler) for Error_Handler
    main.o(.text.MX_RTC_Init) refers to main.o(.bss.hrtc) for hrtc
    main.o(.ARM.exidx.text.MX_RTC_Init) refers to main.o(.text.MX_RTC_Init) for [Anonymous Symbol]
    main.o(.text.Enter_Sleep_Mode) refers to stm32l0xx_hal_rtc_ex.o(.text.HAL_RTCEx_SetWakeUpTimer_IT) for HAL_RTCEx_SetWakeUpTimer_IT
    main.o(.text.Enter_Sleep_Mode) refers to stm32l0xx_hal_pwr_ex.o(.text.HAL_PWREx_EnableUltraLowPower) for HAL_PWREx_EnableUltraLowPower
    main.o(.text.Enter_Sleep_Mode) refers to stm32l0xx_hal_pwr_ex.o(.text.HAL_PWREx_EnableFastWakeUp) for HAL_PWREx_EnableFastWakeUp
    main.o(.text.Enter_Sleep_Mode) refers to main.o(.text.Disable_Gpios) for Disable_Gpios
    main.o(.text.Enter_Sleep_Mode) refers to stm32l0xx_hal_pwr.o(.text.HAL_PWR_EnterSTOPMode) for HAL_PWR_EnterSTOPMode
    main.o(.text.Enter_Sleep_Mode) refers to main.o(.bss.hrtc) for hrtc
    main.o(.ARM.exidx.text.Enter_Sleep_Mode) refers to main.o(.text.Enter_Sleep_Mode) for [Anonymous Symbol]
    main.o(.text.Stop_Mode_Resume) refers to main.o(.text.SystemClock_Config) for SystemClock_Config
    main.o(.text.Stop_Mode_Resume) refers to stm32l0xx_hal_rtc_ex.o(.text.HAL_RTCEx_DeactivateWakeUpTimer) for HAL_RTCEx_DeactivateWakeUpTimer
    main.o(.text.Stop_Mode_Resume) refers to main.o(.bss.hrtc) for hrtc
    main.o(.ARM.exidx.text.Stop_Mode_Resume) refers to main.o(.text.Stop_Mode_Resume) for [Anonymous Symbol]
    main.o(.ARM.exidx.text.Error_Handler) refers to main.o(.text.Error_Handler) for [Anonymous Symbol]
    main.o(.text.Disable_Gpios) refers to stm32l0xx_hal_gpio.o(.text.HAL_GPIO_Init) for HAL_GPIO_Init
    main.o(.ARM.exidx.text.Disable_Gpios) refers to main.o(.text.Disable_Gpios) for [Anonymous Symbol]
    basicmathfunctions.o(.ARM.exidx.text.arm_abs_f32) refers to basicmathfunctions.o(.text.arm_abs_f32) for [Anonymous Symbol]
    basicmathfunctions.o(.ARM.exidx.text.arm_abs_q15) refers to basicmathfunctions.o(.text.arm_abs_q15) for [Anonymous Symbol]
    basicmathfunctions.o(.ARM.exidx.text.arm_abs_q31) refers to basicmathfunctions.o(.text.arm_abs_q31) for [Anonymous Symbol]
    basicmathfunctions.o(.ARM.exidx.text.arm_abs_q7) refers to basicmathfunctions.o(.text.arm_abs_q7) for [Anonymous Symbol]
    basicmathfunctions.o(.text.arm_add_f32) refers to faddsub.o(x$fpl$fadd) for __aeabi_fadd
    basicmathfunctions.o(.ARM.exidx.text.arm_add_f32) refers to basicmathfunctions.o(.text.arm_add_f32) for [Anonymous Symbol]
    basicmathfunctions.o(.ARM.exidx.text.arm_add_q15) refers to basicmathfunctions.o(.text.arm_add_q15) for [Anonymous Symbol]
    basicmathfunctions.o(.ARM.exidx.text.arm_add_q31) refers to basicmathfunctions.o(.text.arm_add_q31) for [Anonymous Symbol]
    basicmathfunctions.o(.ARM.exidx.text.arm_add_q7) refers to basicmathfunctions.o(.text.arm_add_q7) for [Anonymous Symbol]
    basicmathfunctions.o(.ARM.exidx.text.arm_and_u16) refers to basicmathfunctions.o(.text.arm_and_u16) for [Anonymous Symbol]
[...]
    Removing stm32l0xx_hal_flash_ex.o(.text.HAL_FLASHEx_DATAEEPROM_Program), (112 bytes).
    Removing stm32l0xx_hal_flash_ex.o(.ARM.exidx.text.HAL_FLASHEx_DATAEEPROM_Program), (8 bytes).
    Removing stm32l0xx_hal_flash_ex.o(.text.HAL_FLASHEx_DATAEEPROM_EnableFixedTimeProgram), (20 bytes).
    Removing stm32l0xx_hal_flash_ex.o(.ARM.exidx.text.HAL_FLASHEx_DATAEEPROM_EnableFixedTimeProgram), (8 bytes).
    Removing stm32l0xx_hal_flash_ex.o(.text.HAL_FLASHEx_DATAEEPROM_DisableFixedTimeProgram), (20 bytes).
    Removing stm32l0xx_hal_flash_ex.o(.ARM.exidx.text.HAL_FLASHEx_DATAEEPROM_DisableFixedTimeProgram), (8 bytes).
    Removing stm32l0xx_hal_gpio.o(.text), (0 bytes).
    Removing stm32l0xx_hal_gpio.o(.ARM.exidx.text.HAL_GPIO_Init), (8 bytes).
    Removing stm32l0xx_hal_gpio.o(.text.HAL_GPIO_DeInit), (232 bytes).
    Removing stm32l0xx_hal_gpio.o(.ARM.exidx.text.HAL_GPIO_DeInit), (8 bytes).
    Removing stm32l0xx_hal_gpio.o(.text.HAL_GPIO_ReadPin), (10 bytes).
    Removing stm32l0xx_hal_gpio.o(.ARM.exidx.text.HAL_GPIO_ReadPin), (8 bytes).
    Removing stm32l0xx_hal_gpio.o(.text.HAL_GPIO_WritePin), (16 bytes).
    Removing stm32l0xx_hal_gpio.o(.ARM.exidx.text.HAL_GPIO_WritePin), (8 bytes).
    Removing stm32l0xx_hal_gpio.o(.text.HAL_GPIO_TogglePin), (8 bytes).
    Removing stm32l0xx_hal_gpio.o(.ARM.exidx.text.HAL_GPIO_TogglePin), (8 bytes).
    Removing stm32l0xx_hal_gpio.o(.text.HAL_GPIO_LockPin), (40 bytes).
    Removing stm32l0xx_hal_gpio.o(.ARM.exidx.text.HAL_GPIO_LockPin), (8 bytes).
    Removing stm32l0xx_hal_gpio.o(.text.HAL_GPIO_EXTI_IRQHandler), (24 bytes).
    Removing stm32l0xx_hal_gpio.o(.ARM.exidx.text.HAL_GPIO_EXTI_IRQHandler), (8 bytes).
    Removing stm32l0xx_hal_gpio.o(.text.HAL_GPIO_EXTI_Callback), (2 bytes).
    Removing stm32l0xx_hal_gpio.o(.ARM.exidx.text.HAL_GPIO_EXTI_Callback), (8 bytes).
    Removing stm32l0xx_hal_pwr.o(.text), (0 bytes).
    Removing stm32l0xx_hal_pwr.o(.text.HAL_PWR_DeInit), (24 bytes).
    Removing stm32l0xx_hal_pwr.o(.ARM.exidx.text.HAL_PWR_DeInit), (8 bytes).
    Removing stm32l0xx_hal_pwr.o(.text.HAL_PWR_EnableBkUpAccess), (20 bytes).
    Removing stm32l0xx_hal_pwr.o(.ARM.exidx.text.HAL_PWR_EnableBkUpAccess), (8 bytes).
    Removing stm32l0xx_hal_pwr.o(.text.HAL_PWR_DisableBkUpAccess), (20 bytes).
    Removing stm32l0xx_hal_pwr.o(.ARM.exidx.text.HAL_PWR_DisableBkUpAccess), (8 bytes).
    Removing stm32l0xx_hal_pwr.o(.text.HAL_PWR_EnableWakeUpPin), (16 bytes).
    Removing stm32l0xx_hal_pwr.o(.ARM.exidx.text.HAL_PWR_EnableWakeUpPin), (8 bytes).
    Removing stm32l0xx_hal_pwr.o(.text.HAL_PWR_DisableWakeUpPin), (16 bytes).
    Removing stm32l0xx_hal_pwr.o(.ARM.exidx.text.HAL_PWR_DisableWakeUpPin), (8 bytes).
    Removing stm32l0xx_hal_pwr.o(.text.HAL_PWR_EnterSLEEPMode), (52 bytes).
    Removing stm32l0xx_hal_pwr.o(.ARM.exidx.text.HAL_PWR_EnterSLEEPMode), (8 bytes).
    Removing stm32l0xx_hal_pwr.o(.ARM.exidx.text.HAL_PWR_EnterSTOPMode), (8 bytes).
    Removing stm32l0xx_hal_pwr.o(.text.HAL_PWR_EnterSTANDBYMode), (32 bytes).
    Removing stm32l0xx_hal_pwr.o(.ARM.exidx.text.HAL_PWR_EnterSTANDBYMode), (8 bytes).
    Removing stm32l0xx_hal_pwr.o(.text.HAL_PWR_EnableSleepOnExit), (16 bytes).
    Removing stm32l0xx_hal_pwr.o(.ARM.exidx.text.HAL_PWR_EnableSleepOnExit), (8 bytes).
    Removing stm32l0xx_hal_pwr.o(.text.HAL_PWR_DisableSleepOnExit), (16 bytes).
    Removing stm32l0xx_hal_pwr.o(.ARM.exidx.text.HAL_PWR_DisableSleepOnExit), (8 bytes).
    Removing stm32l0xx_hal_pwr.o(.text.HAL_PWR_EnableSEVOnPend), (16 bytes).
    Removing stm32l0xx_hal_pwr.o(.ARM.exidx.text.HAL_PWR_EnableSEVOnPend), (8 bytes).
    Removing stm32l0xx_hal_pwr.o(.text.HAL_PWR_DisableSEVOnPend), (16 bytes).
    Removing stm32l0xx_hal_pwr.o(.ARM.exidx.text.HAL_PWR_DisableSEVOnPend), (8 bytes).
    Removing stm32l0xx_hal_pwr_ex.o(.text), (0 bytes).
    Removing stm32l0xx_hal_pwr_ex.o(.text.HAL_PWREx_GetVoltageRange), (16 bytes).
    Removing stm32l0xx_hal_pwr_ex.o(.ARM.exidx.text.HAL_PWREx_GetVoltageRange), (8 bytes).
    Removing stm32l0xx_hal_pwr_ex.o(.ARM.exidx.text.HAL_PWREx_EnableFastWakeUp), (8 bytes).
    Removing stm32l0xx_hal_pwr_ex.o(.text.HAL_PWREx_DisableFastWakeUp), (20 bytes).
    Removing stm32l0xx_hal_pwr_ex.o(.ARM.exidx.text.HAL_PWREx_DisableFastWakeUp), (8 bytes).
    Removing stm32l0xx_hal_pwr_ex.o(.ARM.exidx.text.HAL_PWREx_EnableUltraLowPower), (8 bytes).
    Removing stm32l0xx_hal_pwr_ex.o(.text.HAL_PWREx_DisableUltraLowPower), (20 bytes).
    Removing stm32l0xx_hal_pwr_ex.o(.ARM.exidx.text.HAL_PWREx_DisableUltraLowPower), (8 bytes).
    Removing stm32l0xx_hal_pwr_ex.o(.text.HAL_PWREx_EnableLowPowerRunMode), (24 bytes).
    Removing stm32l0xx_hal_pwr_ex.o(.ARM.exidx.text.HAL_PWREx_EnableLowPowerRunMode), (8 bytes).
    Removing stm32l0xx_hal_pwr_ex.o(.text.HAL_PWREx_DisableLowPowerRunMode), (80 bytes).
    Removing stm32l0xx_hal_pwr_ex.o(.ARM.exidx.text.HAL_PWREx_DisableLowPowerRunMode), (8 bytes).
    Removing stm32l0xx_hal_rcc.o(.text), (0 bytes).
    Removing stm32l0xx_hal_rcc.o(.text.HAL_RCC_DeInit), (216 bytes).
    Removing stm32l0xx_hal_rcc.o(.ARM.exidx.text.HAL_RCC_DeInit), (8 bytes).
    Removing stm32l0xx_hal_rcc.o(.ARM.exidx.text.HAL_RCC_OscConfig), (8 bytes).
    Removing stm32l0xx_hal_rcc.o(.ARM.exidx.text.HAL_RCC_GetSysClockFreq), (8 bytes).
    Removing stm32l0xx_hal_rcc.o(.ARM.exidx.text.HAL_RCC_ClockConfig), (8 bytes).
    Removing stm32l0xx_hal_rcc.o(.text.HAL_RCC_MCOConfig), (108 bytes).
    Removing stm32l0xx_hal_rcc.o(.ARM.exidx.text.HAL_RCC_MCOConfig), (8 bytes).
    Removing stm32l0xx_hal_rcc.o(.text.HAL_RCC_EnableCSS), (20 bytes).
    Removing stm32l0xx_hal_rcc.o(.ARM.exidx.text.HAL_RCC_EnableCSS), (8 bytes).
    Removing stm32l0xx_hal_rcc.o(.text.HAL_RCC_GetHCLKFreq), (12 bytes).
    Removing stm32l0xx_hal_rcc.o(.ARM.exidx.text.HAL_RCC_GetHCLKFreq), (8 bytes).
    Removing stm32l0xx_hal_rcc.o(.text.HAL_RCC_GetPCLK1Freq), (32 bytes).
    Removing stm32l0xx_hal_rcc.o(.ARM.exidx.text.HAL_RCC_GetPCLK1Freq), (8 bytes).
    Removing stm32l0xx_hal_rcc.o(.text.HAL_RCC_GetPCLK2Freq), (32 bytes).
    Removing stm32l0xx_hal_rcc.o(.ARM.exidx.text.HAL_RCC_GetPCLK2Freq), (8 bytes).
    Removing stm32l0xx_hal_rcc.o(.text.HAL_RCC_GetOscConfig), (152 bytes).
    Removing stm32l0xx_hal_rcc.o(.ARM.exidx.text.HAL_RCC_GetOscConfig), (8 bytes).
    Removing stm32l0xx_hal_rcc.o(.text.HAL_RCC_GetClockConfig), (64 bytes).
    Removing stm32l0xx_hal_rcc.o(.ARM.exidx.text.HAL_RCC_GetClockConfig), (8 bytes).
    Removing stm32l0xx_hal_rcc.o(.text.HAL_RCC_NMI_IRQHandler), (28 bytes).
    Removing stm32l0xx_hal_rcc.o(.ARM.exidx.text.HAL_RCC_NMI_IRQHandler), (8 bytes).
    Removing stm32l0xx_hal_rcc.o(.text.HAL_RCC_CSSCallback), (2 bytes).
    Removing stm32l0xx_hal_rcc.o(.ARM.exidx.text.HAL_RCC_CSSCallback), (8 bytes).
    Removing stm32l0xx_hal_rcc_ex.o(.text), (0 bytes).
    Removing stm32l0xx_hal_rcc_ex.o(.ARM.exidx.text.HAL_RCCEx_PeriphCLKConfig), (8 bytes).
    Removing stm32l0xx_hal_rcc_ex.o(.text.HAL_RCCEx_GetPeriphCLKConfig), (72 bytes).
    Removing stm32l0xx_hal_rcc_ex.o(.ARM.exidx.text.HAL_RCCEx_GetPeriphCLKConfig), (8 bytes).
    Removing stm32l0xx_hal_rcc_ex.o(.text.HAL_RCCEx_GetPeriphCLKFreq), (344 bytes).
    Removing stm32l0xx_hal_rcc_ex.o(.ARM.exidx.text.HAL_RCCEx_GetPeriphCLKFreq), (8 bytes).
    Removing stm32l0xx_hal_rcc_ex.o(.text.HAL_RCCEx_EnableLSECSS), (20 bytes).
    Removing stm32l0xx_hal_rcc_ex.o(.ARM.exidx.text.HAL_RCCEx_EnableLSECSS), (8 bytes).
    Removing stm32l0xx_hal_rcc_ex.o(.text.HAL_RCCEx_DisableLSECSS), (28 bytes).
    Removing stm32l0xx_hal_rcc_ex.o(.ARM.exidx.text.HAL_RCCEx_DisableLSECSS), (8 bytes).
    Removing stm32l0xx_hal_rcc_ex.o(.text.HAL_RCCEx_EnableLSECSS_IT), (48 bytes).
    Removing stm32l0xx_hal_rcc_ex.o(.ARM.exidx.text.HAL_RCCEx_EnableLSECSS_IT), (8 bytes).
    Removing stm32l0xx_hal_rcc_ex.o(.text.HAL_RCCEx_LSECSS_IRQHandler), (24 bytes).
    Removing stm32l0xx_hal_rcc_ex.o(.ARM.exidx.text.HAL_RCCEx_LSECSS_IRQHandler), (8 bytes).
    Removing stm32l0xx_hal_rcc_ex.o(.text.HAL_RCCEx_LSECSS_Callback), (2 bytes).
    Removing stm32l0xx_hal_rcc_ex.o(.ARM.exidx.text.HAL_RCCEx_LSECSS_Callback), (8 bytes).
    Removing stm32l0xx_hal_rtc.o(.text), (0 bytes).
    Removing stm32l0xx_hal_rtc.o(.ARM.exidx.text.HAL_RTC_Init), (8 bytes).
    Removing stm32l0xx_hal_rtc.o(.ARM.exidx.text.HAL_RTC_MspInit), (8 bytes).
    Removing stm32l0xx_hal_rtc.o(.ARM.exidx.text.RTC_EnterInitMode), (8 bytes).
    Removing stm32l0xx_hal_rtc.o(.ARM.exidx.text.HAL_RTC_WaitForSynchro), (8 bytes).
    Removing stm32l0xx_hal_rtc.o(.text.HAL_RTC_DeInit), (212 bytes).
    Removing stm32l0xx_hal_rtc.o(.ARM.exidx.text.HAL_RTC_DeInit), (8 bytes).
    Removing stm32l0xx_hal_rtc.o(.text.HAL_RTC_MspDeInit), (2 bytes).
    Removing stm32l0xx_hal_rtc.o(.ARM.exidx.text.HAL_RTC_MspDeInit), (8 bytes).
    Removing stm32l0xx_hal_rtc.o(.text.HAL_RTC_SetTime), (240 bytes).
    Removing stm32l0xx_hal_rtc.o(.ARM.exidx.text.HAL_RTC_SetTime), (8 bytes).
    Removing stm32l0xx_hal_rtc.o(.text.RTC_ByteToBcd2), (38 bytes).
    Removing stm32l0xx_hal_rtc.o(.ARM.exidx.text.RTC_ByteToBcd2), (8 bytes).
    Removing stm32l0xx_hal_rtc.o(.text.HAL_RTC_GetTime), (84 bytes).
    Removing stm32l0xx_hal_rtc.o(.ARM.exidx.text.HAL_RTC_GetTime), (8 bytes).
    Removing stm32l0xx_hal_rtc.o(.text.RTC_Bcd2ToByte), (16 bytes).
    Removing stm32l0xx_hal_rtc.o(.ARM.exidx.text.RTC_Bcd2ToByte), (8 bytes).
    Removing stm32l0xx_hal_rtc.o(.text.HAL_RTC_SetDate), (190 bytes).
    Removing stm32l0xx_hal_rtc.o(.ARM.exidx.text.HAL_RTC_SetDate), (8 bytes).
    Removing stm32l0xx_hal_rtc.o(.text.HAL_RTC_GetDate), (66 bytes).
    Removing stm32l0xx_hal_rtc.o(.ARM.exidx.text.HAL_RTC_GetDate), (8 bytes).
    Removing stm32l0xx_hal_rtc.o(.text.HAL_RTC_SetAlarm), (334 bytes).
    Removing stm32l0xx_hal_rtc.o(.ARM.exidx.text.HAL_RTC_SetAlarm), (8 bytes).
    Removing stm32l0xx_hal_rtc.o(.text.HAL_RTC_SetAlarm_IT), (388 bytes).
    Removing stm32l0xx_hal_rtc.o(.ARM.exidx.text.HAL_RTC_SetAlarm_IT), (8 bytes).
    Removing stm32l0xx_hal_rtc.o(.text.HAL_RTC_DeactivateAlarm), (162 bytes).
    Removing stm32l0xx_hal_rtc.o(.ARM.exidx.text.HAL_RTC_DeactivateAlarm), (8 bytes).
    Removing stm32l0xx_hal_rtc.o(.text.HAL_RTC_GetAlarm), (144 bytes).
    Removing stm32l0xx_hal_rtc.o(.ARM.exidx.text.HAL_RTC_GetAlarm), (8 bytes).
    Removing stm32l0xx_hal_rtc.o(.text.HAL_RTC_AlarmIRQHandler), (104 bytes).
    Removing stm32l0xx_hal_rtc.o(.ARM.exidx.text.HAL_RTC_AlarmIRQHandler), (8 bytes).
    Removing stm32l0xx_hal_rtc.o(.text.HAL_RTC_AlarmAEventCallback), (2 bytes).
    Removing stm32l0xx_hal_rtc.o(.ARM.exidx.text.HAL_RTC_AlarmAEventCallback), (8 bytes).
    Removing stm32l0xx_hal_rtc.o(.text.HAL_RTC_PollForAlarmAEvent), (92 bytes).
    Removing stm32l0xx_hal_rtc.o(.ARM.exidx.text.HAL_RTC_PollForAlarmAEvent), (8 bytes).
    Removing stm32l0xx_hal_rtc.o(.text.HAL_RTC_GetState), (6 bytes).
    Removing stm32l0xx_hal_rtc.o(.ARM.exidx.text.HAL_RTC_GetState), (8 bytes).
    Removing stm32l0xx_hal_rtc_ex.o(.text), (0 bytes).
    Removing stm32l0xx_hal_rtc_ex.o(.text.HAL_RTCEx_SetTimeStamp), (96 bytes).
    Removing stm32l0xx_hal_rtc_ex.o(.ARM.exidx.text.HAL_RTCEx_SetTimeStamp), (8 bytes).
    Removing stm32l0xx_hal_rtc_ex.o(.text.HAL_RTCEx_SetTimeStamp_IT), (124 bytes).
    Removing stm32l0xx_hal_rtc_ex.o(.ARM.exidx.text.HAL_RTCEx_SetTimeStamp_IT), (8 bytes).
    Removing stm32l0xx_hal_rtc_ex.o(.text.HAL_RTCEx_DeactivateTimeStamp), (68 bytes).
    Removing stm32l0xx_hal_rtc_ex.o(.ARM.exidx.text.HAL_RTCEx_DeactivateTimeStamp), (8 bytes).
    Removing stm32l0xx_hal_rtc_ex.o(.text.HAL_RTCEx_GetTimeStamp), (144 bytes).
    Removing stm32l0xx_hal_rtc_ex.o(.ARM.exidx.text.HAL_RTCEx_GetTimeStamp), (8 bytes).
    Removing stm32l0xx_hal_rtc_ex.o(.text.HAL_RTCEx_SetTamper), (192 bytes).
    Removing stm32l0xx_hal_rtc_ex.o(.ARM.exidx.text.HAL_RTCEx_SetTamper), (8 bytes).
    Removing stm32l0xx_hal_rtc_ex.o(.text.HAL_RTCEx_SetTamper_IT), (192 bytes).
    Removing stm32l0xx_hal_rtc_ex.o(.ARM.exidx.text.HAL_RTCEx_SetTamper_IT), (8 bytes).
    Removing stm32l0xx_hal_rtc_ex.o(.text.HAL_RTCEx_DeactivateTamper), (100 bytes).
    Removing stm32l0xx_hal_rtc_ex.o(.ARM.exidx.text.HAL_RTCEx_DeactivateTamper), (8 bytes).
    Removing stm32l0xx_hal_rtc_ex.o(.text.HAL_RTCEx_TamperTimeStampIRQHandler), (192 bytes).
    Removing stm32l0xx_hal_rtc_ex.o(.ARM.exidx.text.HAL_RTCEx_TamperTimeStampIRQHandler), (8 bytes).
    Removing stm32l0xx_hal_rtc_ex.o(.text.HAL_RTCEx_TimeStampEventCallback), (2 bytes).
    Removing stm32l0xx_hal_rtc_ex.o(.ARM.exidx.text.HAL_RTCEx_TimeStampEventCallback), (8 bytes).
    Removing stm32l0xx_hal_rtc_ex.o(.text.HAL_RTCEx_Tamper1EventCallback), (2 bytes).
    Removing stm32l0xx_hal_rtc_ex.o(.ARM.exidx.text.HAL_RTCEx_Tamper1EventCallback), (8 bytes).
    Removing stm32l0xx_hal_rtc_ex.o(.text.HAL_RTCEx_Tamper2EventCallback), (2 bytes).
    Removing stm32l0xx_hal_rtc_ex.o(.ARM.exidx.text.HAL_RTCEx_Tamper2EventCallback), (8 bytes).
    Removing stm32l0xx_hal_rtc_ex.o(.text.HAL_RTCEx_Tamper3EventCallback), (2 bytes).
    Removing stm32l0xx_hal_rtc_ex.o(.ARM.exidx.text.HAL_RTCEx_Tamper3EventCallback), (8 bytes).
    Removing stm32l0xx_hal_rtc_ex.o(.text.HAL_RTCEx_PollForTimeStampEvent), (136 bytes).
    Removing stm32l0xx_hal_rtc_ex.o(.ARM.exidx.text.HAL_RTCEx_PollForTimeStampEvent), (8 bytes).
    Removing stm32l0xx_hal_rtc_ex.o(.text.HAL_RTCEx_PollForTamper1Event), (92 bytes).
    Removing stm32l0xx_hal_rtc_ex.o(.ARM.exidx.text.HAL_RTCEx_PollForTamper1Event), (8 bytes).
    Removing stm32l0xx_hal_rtc_ex.o(.text.HAL_RTCEx_PollForTamper2Event), (92 bytes).
    Removing stm32l0xx_hal_rtc_ex.o(.ARM.exidx.text.HAL_RTCEx_PollForTamper2Event), (8 bytes).
    Removing stm32l0xx_hal_rtc_ex.o(.text.HAL_RTCEx_PollForTamper3Event), (92 bytes).
    Removing stm32l0xx_hal_rtc_ex.o(.ARM.exidx.text.HAL_RTCEx_PollForTamper3Event), (8 bytes).
    Removing stm32l0xx_hal_rtc_ex.o(.text.HAL_RTCEx_SetWakeUpTimer), (180 bytes).
    Removing stm32l0xx_hal_rtc_ex.o(.ARM.exidx.text.HAL_RTCEx_SetWakeUpTimer), (8 bytes).
    Removing stm32l0xx_hal_rtc_ex.o(.ARM.exidx.text.HAL_RTCEx_SetWakeUpTimer_IT), (8 bytes).
    Removing stm32l0xx_hal_rtc_ex.o(.ARM.exidx.text.HAL_RTCEx_DeactivateWakeUpTimer), (8 bytes).
    Removing stm32l0xx_hal_rtc_ex.o(.text.HAL_RTCEx_GetWakeUpTimer), (8 bytes).
    Removing stm32l0xx_hal_rtc_ex.o(.ARM.exidx.text.HAL_RTCEx_GetWakeUpTimer), (8 bytes).
    Removing stm32l0xx_hal_rtc_ex.o(.text.HAL_RTCEx_WakeUpTimerIRQHandler), (56 bytes).
    Removing stm32l0xx_hal_rtc_ex.o(.ARM.exidx.text.HAL_RTCEx_WakeUpTimerIRQHandler), (8 bytes).
    Removing stm32l0xx_hal_rtc_ex.o(.text.HAL_RTCEx_WakeUpTimerEventCallback), (2 bytes).
    Removing stm32l0xx_hal_rtc_ex.o(.ARM.exidx.text.HAL_RTCEx_WakeUpTimerEventCallback), (8 bytes).
    Removing stm32l0xx_hal_rtc_ex.o(.text.HAL_RTCEx_PollForWakeUpTimerEvent), (92 bytes).
    Removing stm32l0xx_hal_rtc_ex.o(.ARM.exidx.text.HAL_RTCEx_PollForWakeUpTimerEvent), (8 bytes).
    Removing stm32l0xx_hal_rtc_ex.o(.text.HAL_RTCEx_BKUPWrite), (10 bytes).
    Removing stm32l0xx_hal_rtc_ex.o(.ARM.exidx.text.HAL_RTCEx_BKUPWrite), (8 bytes).
    Removing stm32l0xx_hal_rtc_ex.o(.text.HAL_RTCEx_BKUPRead), (10 bytes).
    Removing stm32l0xx_hal_rtc_ex.o(.ARM.exidx.text.HAL_RTCEx_BKUPRead), (8 bytes).
    Removing stm32l0xx_hal_rtc_ex.o(.text.HAL_RTCEx_SetSmoothCalib), (136 bytes).
    Removing stm32l0xx_hal_rtc_ex.o(.ARM.exidx.text.HAL_RTCEx_SetSmoothCalib), (8 bytes).
    Removing stm32l0xx_hal_rtc_ex.o(.text.HAL_RTCEx_SetSynchroShift), (140 bytes).
    Removing stm32l0xx_hal_rtc_ex.o(.ARM.exidx.text.HAL_RTCEx_SetSynchroShift), (8 bytes).
    Removing stm32l0xx_hal_rtc_ex.o(.text.HAL_RTCEx_SetCalibrationOutPut), (68 bytes).
    Removing stm32l0xx_hal_rtc_ex.o(.ARM.exidx.text.HAL_RTCEx_SetCalibrationOutPut), (8 bytes).
    Removing stm32l0xx_hal_rtc_ex.o(.text.HAL_RTCEx_DeactivateCalibrationOutPut), (54 bytes).
    Removing stm32l0xx_hal_rtc_ex.o(.ARM.exidx.text.HAL_RTCEx_DeactivateCalibrationOutPut), (8 bytes).
    Removing stm32l0xx_hal_rtc_ex.o(.text.HAL_RTCEx_SetRefClock), (88 bytes).
    Removing stm32l0xx_hal_rtc_ex.o(.ARM.exidx.text.HAL_RTCEx_SetRefClock), (8 bytes).
    Removing stm32l0xx_hal_rtc_ex.o(.text.HAL_RTCEx_DeactivateRefClock), (88 bytes).
    Removing stm32l0xx_hal_rtc_ex.o(.ARM.exidx.text.HAL_RTCEx_DeactivateRefClock), (8 bytes).
    Removing stm32l0xx_hal_rtc_ex.o(.text.HAL_RTCEx_EnableBypassShadow), (50 bytes).
    Removing stm32l0xx_hal_rtc_ex.o(.ARM.exidx.text.HAL_RTCEx_EnableBypassShadow), (8 bytes).
    Removing stm32l0xx_hal_rtc_ex.o(.text.HAL_RTCEx_DisableBypassShadow), (52 bytes).
    Removing stm32l0xx_hal_rtc_ex.o(.ARM.exidx.text.HAL_RTCEx_DisableBypassShadow), (8 bytes).
    Removing stm32l0xx_hal_rtc_ex.o(.text.HAL_RTCEx_AlarmBEventCallback), (2 bytes).
    Removing stm32l0xx_hal_rtc_ex.o(.ARM.exidx.text.HAL_RTCEx_AlarmBEventCallback), (8 bytes).
    Removing stm32l0xx_hal_rtc_ex.o(.text.HAL_RTCEx_PollForAlarmBEvent), (92 bytes).
    Removing stm32l0xx_hal_rtc_ex.o(.ARM.exidx.text.HAL_RTCEx_PollForAlarmBEvent), (8 bytes).
    Removing system_stm32l0xx.o(.text), (0 bytes).
    Removing system_stm32l0xx.o(.ARM.exidx.text.SystemInit), (8 bytes).
    Removing system_stm32l0xx.o(.text.SystemCoreClockUpdate), (172 bytes).
    Removing system_stm32l0xx.o(.ARM.exidx.text.SystemCoreClockUpdate), (8 bytes).
    Removing system_stm32l0xx.o(.rodata.APBPrescTable), (8 bytes).

1382 unused section(s) (total 1007810 bytes) removed from the image.

==============================================================================

Image Symbol Table

    Local Symbols

    Symbol Name                              Value     Ov Type        Size  Object(Section)

    ../clib/angel/boardlib.s                 0x00000000   Number         0  boardinit1.o ABSOLUTE
    ../clib/angel/boardlib.s                 0x00000000   Number         0  boardinit2.o ABSOLUTE
    ../clib/angel/boardlib.s                 0x00000000   Number         0  boardinit3.o ABSOLUTE
    ../clib/angel/boardlib.s                 0x00000000   Number         0  boardshut.o ABSOLUTE
    ../clib/angel/handlers.s                 0x00000000   Number         0  __scatter_copy.o ABSOLUTE
    ../clib/angel/handlers.s                 0x00000000   Number         0  __scatter_zi.o ABSOLUTE
    ../clib/angel/kernel.s                   0x00000000   Number         0  __rtentry.o ABSOLUTE
    ../clib/angel/kernel.s                   0x00000000   Number         0  __rtentry2.o ABSOLUTE
    ../clib/angel/kernel.s                   0x00000000   Number         0  __rtentry4.o ABSOLUTE
    ../clib/angel/kernel.s                   0x00000000   Number         0  __rtentry7.o ABSOLUTE
    ../clib/angel/kernel.s                   0x00000000   Number         0  rtexit.o ABSOLUTE
    ../clib/angel/kernel.s                   0x00000000   Number         0  rtexit2.o ABSOLUTE
    ../clib/angel/rt.s                       0x00000000   Number         0  aeabi_idiv0.o ABSOLUTE
    ../clib/angel/rt.s                       0x00000000   Number         0  aeabi_idiv0_sigfpe.o ABSOLUTE
    ../clib/angel/rt.s                       0x00000000   Number         0  aeabi_ldiv0.o ABSOLUTE
    ../clib/angel/rt.s                       0x00000000   Number         0  aeabi_ldiv0_sigfpe.o ABSOLUTE
    ../clib/angel/rt.s                       0x00000000   Number         0  rt_div0.o ABSOLUTE
    ../clib/angel/rt.s                       0x00000000   Number         0  rt_errno_addr.o ABSOLUTE
    ../clib/angel/rt.s                       0x00000000   Number         0  rt_errno_addr_intlibspace.o ABSOLUTE
    ../clib/angel/rt.s                       0x00000000   Number         0  rt_raise.o ABSOLUTE
    ../clib/angel/scatterp.s                 0x00000000   Number         0  __scatter.o ABSOLUTE
    ../clib/angel/startup.s                  0x00000000   Number         0  __main.o ABSOLUTE
    ../clib/angel/sys.s                      0x00000000   Number         0  libspace.o ABSOLUTE
    ../clib/angel/sys.s                      0x00000000   Number         0  sys_stackheap_outer.o ABSOLUTE
    ../clib/angel/sys.s                      0x00000000   Number         0  tempstk.o ABSOLUTE
    ../clib/angel/sys.s                      0x00000000   Number         0  use_no_semi.o ABSOLUTE
    ../clib/angel/sys.s                      0x00000000   Number         0  indicate_semi.o ABSOLUTE
    ../clib/angel/sysapp.c                   0x00000000   Number         0  sys_exit.o ABSOLUTE
    ../clib/angel/sysapp.c                   0x00000000   Number         0  sys_exit_hlt.o ABSOLUTE
    ../clib/angel/sysapp.c                   0x00000000   Number         0  sys_wrch.o ABSOLUTE
    ../clib/angel/sysapp.c                   0x00000000   Number         0  sys_wrch_hlt.o ABSOLUTE
    ../clib/angel/sysapp.c                   0x00000000   Number         0  sys_command.o ABSOLUTE
    ../clib/angel/sysapp.c                   0x00000000   Number         0  sys_command_hlt.o ABSOLUTE
    ../clib/armsys.c                         0x00000000   Number         0  argv_veneer.o ABSOLUTE
    ../clib/armsys.c                         0x00000000   Number         0  _get_argv_nomalloc.o ABSOLUTE
    ../clib/armsys.c                         0x00000000   Number         0  no_argv.o ABSOLUTE
    ../clib/division.c                       0x00000000   Number         0  llsdiv.o ABSOLUTE
    ../clib/division.c                       0x00000000   Number         0  lludiv.o ABSOLUTE
    ../clib/division.s                       0x00000000   Number         0  aeabi_sdivfast.o ABSOLUTE
    ../clib/division.s                       0x00000000   Number         0  aeabi_sdivfast_div0.o ABSOLUTE
    ../clib/fenv.c                           0x00000000   Number         0  _rserrno.o ABSOLUTE
    ../clib/heapalloc.c                      0x00000000   Number         0  hrguard.o ABSOLUTE
    ../clib/heapaux.c                        0x00000000   Number         0  heapauxi.o ABSOLUTE
    ../clib/libinit.s                        0x00000000   Number         0  libinit.o ABSOLUTE
    ../clib/libinit.s                        0x00000000   Number         0  libinit2.o ABSOLUTE
    ../clib/libinit.s                        0x00000000   Number         0  libinit5.o ABSOLUTE
    ../clib/libinit.s                        0x00000000   Number         0  libshutdown.o ABSOLUTE
    ../clib/libinit.s                        0x00000000   Number         0  libshutdown2.o ABSOLUTE
    ../clib/longlong.c                       0x00000000   Number         0  llshl.o ABSOLUTE
    ../clib/longlong.c                       0x00000000   Number         0  llsshr.o ABSOLUTE
    ../clib/longlong.c                       0x00000000   Number         0  llmul.o ABSOLUTE
    ../clib/memcpset.c                       0x00000000   Number         0  rt_memcpy.o ABSOLUTE
    ../clib/memcpset.c                       0x00000000   Number         0  rt_memcpy.o ABSOLUTE
    ../clib/memcpset.c                       0x00000000   Number         0  aeabi_memset.o ABSOLUTE
    ../clib/memcpset.c                       0x00000000   Number         0  rt_memclr.o ABSOLUTE
    ../clib/signal.c                         0x00000000   Number         0  defsig_fpe_outer.o ABSOLUTE
    ../clib/signal.c                         0x00000000   Number         0  defsig_fpe_formal.o ABSOLUTE
    ../clib/signal.c                         0x00000000   Number         0  defsig_exit.o ABSOLUTE
    ../clib/signal.c                         0x00000000   Number         0  defsig_fpe_inner.o ABSOLUTE
    ../clib/signal.c                         0x00000000   Number         0  __raise.o ABSOLUTE
    ../clib/signal.c                         0x00000000   Number         0  defsig_general.o ABSOLUTE
    ../clib/signal.c                         0x00000000   Number         0  defsig_abrt_inner.o ABSOLUTE
    ../clib/signal.c                         0x00000000   Number         0  defsig_rtred_inner.o ABSOLUTE
    ../clib/signal.c                         0x00000000   Number         0  defsig_rtmem_inner.o ABSOLUTE
    ../clib/signal.c                         0x00000000   Number         0  defsig_rtmem_outer.o ABSOLUTE
    ../clib/signal.c                         0x00000000   Number         0  defsig_rtmem_formal.o ABSOLUTE
    ../clib/signal.c                         0x00000000   Number         0  defsig_stak_inner.o ABSOLUTE
    ../clib/signal.c                         0x00000000   Number         0  defsig_pvfn_inner.o ABSOLUTE
    ../clib/signal.c                         0x00000000   Number         0  defsig_cppl_inner.o ABSOLUTE
    ../clib/signal.c                         0x00000000   Number         0  defsig_segv_inner.o ABSOLUTE
    ../clib/signal.c                         0x00000000   Number         0  defsig_other.o ABSOLUTE
    ../clib/signal.s                         0x00000000   Number         0  defsig.o ABSOLUTE
    ../clib/stdlib.c                         0x00000000   Number         0  exit.o ABSOLUTE
    ../fplib/cfplib/cmp.c                    0x00000000   Number         0  dcmp.o ABSOLUTE
    ../fplib/cfplib/cmp.c                    0x00000000   Number         0  fcmp.o ABSOLUTE
    ../fplib/cfplib/cmpret.c                 0x00000000   Number         0  cmpret.o ABSOLUTE
    ../fplib/cfplib/d2f.c                    0x00000000   Number         0  d2f.o ABSOLUTE
    ../fplib/cfplib/daddsub.c                0x00000000   Number         0  daddsub.o ABSOLUTE
    ../fplib/cfplib/dcmpin.c                 0x00000000   Number         0  dcmpin.o ABSOLUTE
    ../fplib/cfplib/ddiv.c                   0x00000000   Number         0  ddiv.o ABSOLUTE
    ../fplib/cfplib/dmul.c                   0x00000000   Number         0  dmul.o ABSOLUTE
    ../fplib/cfplib/f2d.c                    0x00000000   Number         0  f2d.o ABSOLUTE
    ../fplib/cfplib/fcmpin.c                 0x00000000   Number         0  fcmpin.o ABSOLUTE
    ../fplib/cfplib/fdiv.c                   0x00000000   Number         0  fdiv.o ABSOLUTE
    ../fplib/cfplib/ffix.c                   0x00000000   Number         0  ffixi.o ABSOLUTE
    ../fplib/cfplib/ffix.c                   0x00000000   Number         0  ffixl.o ABSOLUTE
    ../fplib/cfplib/ffix.c                   0x00000000   Number         0  ffixir.o ABSOLUTE
    ../fplib/cfplib/fflt.c                   0x00000000   Number         0  dflti.o ABSOLUTE
    ../fplib/cfplib/fflt.c                   0x00000000   Number         0  fflti.o ABSOLUTE
    ../fplib/cfplib/fpinit.c                 0x00000000   Number         0  fpinit.o ABSOLUTE
    ../fplib/cfplib/frnd.c                   0x00000000   Number         0  frnd.o ABSOLUTE
    ../fplib/cfplib/fsqrt.c                  0x00000000   Number         0  fsqrt.o ABSOLUTE
    ../fplib/cfplib/ieee_status.c            0x00000000   Number         0  ieee_status.o ABSOLUTE
    ../fplib/cfplib/nan2.c                   0x00000000   Number         0  dnan2.o ABSOLUTE
    ../fplib/cfplib/nan2.c                   0x00000000   Number         0  fnan2.o ABSOLUTE
    ../fplib/cfplib/retnan.c                 0x00000000   Number         0  retnan.o ABSOLUTE
    ../fplib/cfplib/scalbn.c                 0x00000000   Number         0  dscalbn.o ABSOLUTE
    ../fplib/cfplib/scalbn.c                 0x00000000   Number         0  fscalbn.o ABSOLUTE
    ../fplib/deqf6m.s                        0x00000000   Number         0  deqf.o ABSOLUTE
    ../fplib/dgeqf6m.s                       0x00000000   Number         0  dgef.o ABSOLUTE
    ../fplib/dleqf6m.s                       0x00000000   Number         0  dlef.o ABSOLUTE
    ../fplib/faddsub6m.s                     0x00000000   Number         0  faddsub.o ABSOLUTE
    ../fplib/feqf6m.s                        0x00000000   Number         0  feqf.o ABSOLUTE
    ../fplib/fgeqf6m.s                       0x00000000   Number         0  fgef.o ABSOLUTE
    ../fplib/fleqf6m.s                       0x00000000   Number         0  flef.o ABSOLUTE
    ../fplib/fmul6m.s                        0x00000000   Number         0  fmul.o ABSOLUTE
    ../fplib/usenofp.s                       0x00000000   Number         0  usenofp.o ABSOLUTE
    ../mathlib/dunder.c                      0x00000000   Number         0  dunder.o ABSOLUTE
    ../mathlib/expf.c                        0x00000000   Number         0  expf.o ABSOLUTE
    ../mathlib/fpclassifyf.c                 0x00000000   Number         0  fpclassifyf.o ABSOLUTE
    ../mathlib/funder.c                      0x00000000   Number         0  funder.o ABSOLUTE
    ../mathlib/log.c                         0x00000000   Number         0  log.o ABSOLUTE
    ../mathlib/logf.c                        0x00000000   Number         0  logf.o ABSOLUTE
    ../mathlib/poly.c                        0x00000000   Number         0  poly.o ABSOLUTE
    ../mathlib/powf.c                        0x00000000   Number         0  powf.o ABSOLUTE
    ../mathlib/qnan.c                        0x00000000   Number         0  qnan.o ABSOLUTE
    ../mathlib/sqrtf.c                       0x00000000   Number         0  sqrtf.o ABSOLUTE
    ../mathlib/tanhf.c                       0x00000000   Number         0  tanhf.o ABSOLUTE
    BasicMathFunctions.c                     0x00000000   Number         0  basicmathfunctions.o ABSOLUTE
    BayesFunctions.c                         0x00000000   Number         0  bayesfunctions.o ABSOLUTE
    CommonTables.c                           0x00000000   Number         0  commontables.o ABSOLUTE
    ComplexMathFunctions.c                   0x00000000   Number         0  complexmathfunctions.o ABSOLUTE
    ControllerFunctions.c                    0x00000000   Number         0  controllerfunctions.o ABSOLUTE
    DistanceFunctions.c                      0x00000000   Number         0  distancefunctions.o ABSOLUTE
    FastMathFunctions.c                      0x00000000   Number         0  fastmathfunctions.o ABSOLUTE
    FilteringFunctions.c                     0x00000000   Number         0  filteringfunctions.o ABSOLUTE
    MatrixFunctions.c                        0x00000000   Number         0  matrixfunctions.o ABSOLUTE
    RTE\Device\STM32L010RBTx\startup_stm32l010xb.s 0x00000000   Number         0  startup_stm32l010xb.o ABSOLUTE
    SVMFunctions.c                           0x00000000   Number         0  svmfunctions.o ABSOLUTE
    StatisticsFunctions.c                    0x00000000   Number         0  statisticsfunctions.o ABSOLUTE
    SupportFunctions.c                       0x00000000   Number         0  supportfunctions.o ABSOLUTE
    TransformFunctions.c                     0x00000000   Number         0  transformfunctions.o ABSOLUTE
    dc.s                                     0x00000000   Number         0  dc.o ABSOLUTE
    main.c                                   0x00000000   Number         0  main.o ABSOLUTE
    stm32l0xx_hal.c                          0x00000000   Number         0  stm32l0xx_hal.o ABSOLUTE
    stm32l0xx_hal_cortex.c                   0x00000000   Number         0  stm32l0xx_hal_cortex.o ABSOLUTE
    stm32l0xx_hal_flash.c                    0x00000000   Number         0  stm32l0xx_hal_flash.o ABSOLUTE
    stm32l0xx_hal_flash_ex.c                 0x00000000   Number         0  stm32l0xx_hal_flash_ex.o ABSOLUTE
    stm32l0xx_hal_gpio.c                     0x00000000   Number         0  stm32l0xx_hal_gpio.o ABSOLUTE
    stm32l0xx_hal_pwr.c                      0x00000000   Number         0  stm32l0xx_hal_pwr.o ABSOLUTE
    stm32l0xx_hal_pwr_ex.c                   0x00000000   Number         0  stm32l0xx_hal_pwr_ex.o ABSOLUTE
    stm32l0xx_hal_rcc.c                      0x00000000   Number         0  stm32l0xx_hal_rcc.o ABSOLUTE
    stm32l0xx_hal_rcc_ex.c                   0x00000000   Number         0  stm32l0xx_hal_rcc_ex.o ABSOLUTE
    stm32l0xx_hal_rtc.c                      0x00000000   Number         0  stm32l0xx_hal_rtc.o ABSOLUTE
    stm32l0xx_hal_rtc_ex.c                   0x00000000   Number         0  stm32l0xx_hal_rtc_ex.o ABSOLUTE
    system_stm32l0xx.c                       0x00000000   Number         0  system_stm32l0xx.o ABSOLUTE
    RESET                                    0x00000000   Section      192  startup_stm32l010xb.o(RESET)
    !!!main                                  0x000000c0   Section        8  __main.o(!!!main)
    !!!scatter                               0x000000c8   Section       60  __scatter.o(!!!scatter)
    !!handler_copy                           0x00000104   Section       26  __scatter_copy.o(!!handler_copy)
    !!handler_zi                             0x00000120   Section       28  __scatter_zi.o(!!handler_zi)
    .ARM.Collect$$libinit$$00000000          0x0000013c   Section        2  libinit.o(.ARM.Collect$$libinit$$00000000)
    .ARM.Collect$$libinit$$00000002          0x0000013e   Section        0  libinit2.o(.ARM.Collect$$libinit$$00000002)
    .ARM.Collect$$libinit$$00000004          0x0000013e   Section        0  libinit2.o(.ARM.Collect$$libinit$$00000004)
    .ARM.Collect$$libinit$$0000000A          0x0000013e   Section        0  libinit2.o(.ARM.Collect$$libinit$$0000000A)
    .ARM.Collect$$libinit$$0000000C          0x0000013e   Section        0  libinit2.o(.ARM.Collect$$libinit$$0000000C)
    .ARM.Collect$$libinit$$0000000E          0x0000013e   Section        0  libinit2.o(.ARM.Collect$$libinit$$0000000E)
    .ARM.Collect$$libinit$$00000011          0x0000013e   Section        0  libinit2.o(.ARM.Collect$$libinit$$00000011)
    .ARM.Collect$$libinit$$00000013          0x0000013e   Section        0  libinit2.o(.ARM.Collect$$libinit$$00000013)
    .ARM.Collect$$libinit$$00000015          0x0000013e   Section        0  libinit2.o(.ARM.Collect$$libinit$$00000015)
    .ARM.Collect$$libinit$$00000017          0x0000013e   Section        0  libinit2.o(.ARM.Collect$$libinit$$00000017)
    .ARM.Collect$$libinit$$00000019          0x0000013e   Section        0  libinit2.o(.ARM.Collect$$libinit$$00000019)
    .ARM.Collect$$libinit$$0000001B          0x0000013e   Section        0  libinit2.o(.ARM.Collect$$libinit$$0000001B)
    .ARM.Collect$$libinit$$0000001D          0x0000013e   Section        0  libinit2.o(.ARM.Collect$$libinit$$0000001D)
    .ARM.Collect$$libinit$$0000001F          0x0000013e   Section        0  libinit2.o(.ARM.Collect$$libinit$$0000001F)
    .ARM.Collect$$libinit$$00000021          0x0000013e   Section        0  libinit2.o(.ARM.Collect$$libinit$$00000021)
    .ARM.Collect$$libinit$$00000023          0x0000013e   Section        0  libinit2.o(.ARM.Collect$$libinit$$00000023)
    .ARM.Collect$$libinit$$00000025          0x0000013e   Section        0  libinit2.o(.ARM.Collect$$libinit$$00000025)
    .ARM.Collect$$libinit$$0000002C          0x0000013e   Section        0  libinit2.o(.ARM.Collect$$libinit$$0000002C)
    .ARM.Collect$$libinit$$0000002E          0x0000013e   Section        0  libinit2.o(.ARM.Collect$$libinit$$0000002E)
    .ARM.Collect$$libinit$$00000030          0x0000013e   Section        0  libinit2.o(.ARM.Collect$$libinit$$00000030)
    .ARM.Collect$$libinit$$00000032          0x0000013e   Section        0  libinit2.o(.ARM.Collect$$libinit$$00000032)
    .ARM.Collect$$libinit$$00000033          0x0000013e   Section        2  libinit2.o(.ARM.Collect$$libinit$$00000033)
    .ARM.Collect$$libshutdown$$00000000      0x00000140   Section        2  libshutdown.o(.ARM.Collect$$libshutdown$$00000000)
    .ARM.Collect$$libshutdown$$00000002      0x00000142   Section        0  libshutdown2.o(.ARM.Collect$$libshutdown$$00000002)
    .ARM.Collect$$libshutdown$$00000004      0x00000142   Section        0  libshutdown2.o(.ARM.Collect$$libshutdown$$00000004)
    .ARM.Collect$$libshutdown$$00000007      0x00000142   Section        0  libshutdown2.o(.ARM.Collect$$libshutdown$$00000007)
    .ARM.Collect$$libshutdown$$0000000A      0x00000142   Section        0  libshutdown2.o(.ARM.Collect$$libshutdown$$0000000A)
    .ARM.Collect$$libshutdown$$0000000C      0x00000142   Section        0  libshutdown2.o(.ARM.Collect$$libshutdown$$0000000C)
    .ARM.Collect$$libshutdown$$0000000F      0x00000142   Section        0  libshutdown2.o(.ARM.Collect$$libshutdown$$0000000F)
    .ARM.Collect$$libshutdown$$00000010      0x00000142   Section        2  libshutdown2.o(.ARM.Collect$$libshutdown$$00000010)
    .ARM.Collect$$rtentry$$00000000          0x00000144   Section        0  __rtentry.o(.ARM.Collect$$rtentry$$00000000)
    .ARM.Collect$$rtentry$$00000002          0x00000144   Section        0  __rtentry2.o(.ARM.Collect$$rtentry$$00000002)
    .ARM.Collect$$rtentry$$00000007          0x00000144   Section        4  __rtentry7.o(.ARM.Collect$$rtentry$$00000007)
    .ARM.Collect$$rtentry$$00000009          0x00000148   Section        0  __rtentry2.o(.ARM.Collect$$rtentry$$00000009)
    .ARM.Collect$$rtentry$$0000000A          0x00000148   Section        4  __rtentry2.o(.ARM.Collect$$rtentry$$0000000A)
    .ARM.Collect$$rtentry$$0000000C          0x0000014c   Section        0  __rtentry2.o(.ARM.Collect$$rtentry$$0000000C)
    .ARM.Collect$$rtentry$$0000000D          0x0000014c   Section        8  __rtentry2.o(.ARM.Collect$$rtentry$$0000000D)
    __lit__00000000                          0x00000154   Data           4  __rtentry7.o(.ARM.Collect$$rtentry$$00002718)
    .ARM.Collect$$rtentry$$00002718          0x00000154   Section        4  __rtentry7.o(.ARM.Collect$$rtentry$$00002718)
    .ARM.Collect$$rtexit$$00000000           0x00000158   Section        2  rtexit.o(.ARM.Collect$$rtexit$$00000000)
    .ARM.Collect$$rtexit$$00000002           0x0000015a   Section        0  rtexit2.o(.ARM.Collect$$rtexit$$00000002)
    .ARM.Collect$$rtexit$$00000003           0x0000015a   Section        4  rtexit2.o(.ARM.Collect$$rtexit$$00000003)
    .ARM.Collect$$rtexit$$00000004           0x0000015e   Section        6  rtexit2.o(.ARM.Collect$$rtexit$$00000004)
    .text                                    0x00000164   Section      116  startup_stm32l010xb.o(.text)
    .text                                    0x000001d8   Section        0  rt_memclr.o(.text)
    .text                                    0x00000218   Section        0  heapauxi.o(.text)
    .text                                    0x00000220   Section        0  fdiv.o(.text)
    .text                                    0x00000380   Section        0  fflti.o(.text)
    .text                                    0x000003de   Section        0  _rserrno.o(.text)
    .text                                    0x000003f4   Section        0  fscalbn.o(.text)
    .text                                    0x00000438   Section        8  rt_errno_addr_intlibspace.o(.text)
    .text                                    0x00000440   Section        0  fcmpin.o(.text)
    .text                                    0x000004a4   Section        0  exit.o(.text)
    .text                                    0x000004b4   Section        0  cmpret.o(.text)
    .text                                    0x000004e4   Section        0  fnan2.o(.text)
    .text                                    0x000004f4   Section        0  retnan.o(.text)
    .text                                    0x00000554   Section        0  sys_exit.o(.text)
    .text                                    0x00000560   Section        2  use_no_semi.o(.text)
    .text                                    0x00000562   Section        0  indicate_semi.o(.text)
    Disable_Gpios                            0x00000565   Thumb Code   116  main.o(.text.Disable_Gpios)
    [Anonymous Symbol]                       0x00000564   Section        0  main.o(.text.Disable_Gpios)
    __arm_cp.6_0                             0x000005c4   Number         4  main.o(.text.Disable_Gpios)
    __arm_cp.6_1                             0x000005c8   Number         4  main.o(.text.Disable_Gpios)
    __arm_cp.6_2                             0x000005cc   Number         4  main.o(.text.Disable_Gpios)
    __arm_cp.6_3                             0x000005d0   Number         4  main.o(.text.Disable_Gpios)
    __arm_cp.6_4                             0x000005d4   Number         4  main.o(.text.Disable_Gpios)
    Enter_Sleep_Mode                         0x000005d9   Thumb Code    56  main.o(.text.Enter_Sleep_Mode)
    [Anonymous Symbol]                       0x000005d8   Section        0  main.o(.text.Enter_Sleep_Mode)
    __arm_cp.3_0                             0x00000608   Number         4  main.o(.text.Enter_Sleep_Mode)
    __arm_cp.3_1                             0x0000060c   Number         4  main.o(.text.Enter_Sleep_Mode)
    Error_Handler                            0x00000611   Thumb Code     8  main.o(.text.Error_Handler)
    [Anonymous Symbol]                       0x00000610   Section        0  main.o(.text.Error_Handler)
    [Anonymous Symbol]                       0x00000618   Section        0  stm32l0xx_hal_gpio.o(.text.HAL_GPIO_Init)
    __arm_cp.0_0                             0x0000077c   Number         4  stm32l0xx_hal_gpio.o(.text.HAL_GPIO_Init)
    __arm_cp.0_1                             0x00000780   Number         4  stm32l0xx_hal_gpio.o(.text.HAL_GPIO_Init)
    __arm_cp.0_2                             0x00000784   Number         4  stm32l0xx_hal_gpio.o(.text.HAL_GPIO_Init)
    __arm_cp.0_3                             0x00000788   Number         4  stm32l0xx_hal_gpio.o(.text.HAL_GPIO_Init)
    __arm_cp.0_4                             0x0000078c   Number         4  stm32l0xx_hal_gpio.o(.text.HAL_GPIO_Init)
    [Anonymous Symbol]                       0x00000790   Section        0  stm32l0xx_hal.o(.text.HAL_GetTick)
    __arm_cp.6_0                             0x00000798   Number         4  stm32l0xx_hal.o(.text.HAL_GetTick)
    [Anonymous Symbol]                       0x0000079c   Section        0  stm32l0xx_hal.o(.text.HAL_Init)
    [Anonymous Symbol]                       0x000007c8   Section        0  stm32l0xx_hal.o(.text.HAL_InitTick)
    [Anonymous Symbol]                       0x000007f8   Section        0  stm32l0xx_hal.o(.text.HAL_MspInit)
    [Anonymous Symbol]                       0x000007fa   Section        0  stm32l0xx_hal_cortex.o(.text.HAL_NVIC_SetPriority)
    [Anonymous Symbol]                       0x00000804   Section        0  stm32l0xx_hal_pwr_ex.o(.text.HAL_PWREx_EnableFastWakeUp)
    [Anonymous Symbol]                       0x00000814   Section        0  stm32l0xx_hal_pwr_ex.o(.text.HAL_PWREx_EnableUltraLowPower)
    [Anonymous Symbol]                       0x00000824   Section        0  stm32l0xx_hal_pwr.o(.text.HAL_PWR_EnterSTOPMode)
    __arm_cp.6_1                             0x00000854   Number         4  stm32l0xx_hal_pwr.o(.text.HAL_PWR_EnterSTOPMode)
    [Anonymous Symbol]                       0x00000858   Section        0  stm32l0xx_hal_rcc_ex.o(.text.HAL_RCCEx_PeriphCLKConfig)
    __arm_cp.0_0                             0x000009e4   Number         4  stm32l0xx_hal_rcc_ex.o(.text.HAL_RCCEx_PeriphCLKConfig)
    __arm_cp.0_1                             0x000009e8   Number         4  stm32l0xx_hal_rcc_ex.o(.text.HAL_RCCEx_PeriphCLKConfig)
    [Anonymous Symbol]                       0x000009ec   Section        0  stm32l0xx_hal_rcc.o(.text.HAL_RCC_ClockConfig)
    __arm_cp.3_0                             0x00000b5c   Number         4  stm32l0xx_hal_rcc.o(.text.HAL_RCC_ClockConfig)
    __arm_cp.3_1                             0x00000b60   Number         4  stm32l0xx_hal_rcc.o(.text.HAL_RCC_ClockConfig)
    __arm_cp.3_2                             0x00000b64   Number         4  stm32l0xx_hal_rcc.o(.text.HAL_RCC_ClockConfig)
    __arm_cp.3_3                             0x00000b68   Number         4  stm32l0xx_hal_rcc.o(.text.HAL_RCC_ClockConfig)
    __arm_cp.3_4                             0x00000b6c   Number         4  stm32l0xx_hal_rcc.o(.text.HAL_RCC_ClockConfig)
    [Anonymous Symbol]                       0x00000b70   Section        0  stm32l0xx_hal_rcc.o(.text.HAL_RCC_GetSysClockFreq)
    __arm_cp.2_0                             0x00000bd0   Number         4  stm32l0xx_hal_rcc.o(.text.HAL_RCC_GetSysClockFreq)
    __arm_cp.2_1                             0x00000bd4   Number         4  stm32l0xx_hal_rcc.o(.text.HAL_RCC_GetSysClockFreq)
    __arm_cp.2_2                             0x00000bd8   Number         4  stm32l0xx_hal_rcc.o(.text.HAL_RCC_GetSysClockFreq)
    __arm_cp.2_3                             0x00000bdc   Number         4  stm32l0xx_hal_rcc.o(.text.HAL_RCC_GetSysClockFreq)
    __arm_cp.2_4                             0x00000be0   Number         4  stm32l0xx_hal_rcc.o(.text.HAL_RCC_GetSysClockFreq)
    [Anonymous Symbol]                       0x00000be4   Section        0  stm32l0xx_hal_rcc.o(.text.HAL_RCC_OscConfig)
    __arm_cp.1_7                             0x00000fd4   Number         4  stm32l0xx_hal_rcc.o(.text.HAL_RCC_OscConfig)
    __arm_cp.1_1                             0x00001054   Number         4  stm32l0xx_hal_rcc.o(.text.HAL_RCC_OscConfig)
    __arm_cp.1_2                             0x00001058   Number         4  stm32l0xx_hal_rcc.o(.text.HAL_RCC_OscConfig)
    __arm_cp.1_3                             0x0000105c   Number         4  stm32l0xx_hal_rcc.o(.text.HAL_RCC_OscConfig)
    __arm_cp.1_4                             0x00001060   Number         4  stm32l0xx_hal_rcc.o(.text.HAL_RCC_OscConfig)
    __arm_cp.1_5                             0x00001064   Number         4  stm32l0xx_hal_rcc.o(.text.HAL_RCC_OscConfig)
    [Anonymous Symbol]                       0x00001068   Section        0  stm32l0xx_hal_rtc_ex.o(.text.HAL_RTCEx_DeactivateWakeUpTimer)
    [Anonymous Symbol]                       0x000010dc   Section        0  stm32l0xx_hal_rtc_ex.o(.text.HAL_RTCEx_SetWakeUpTimer_IT)
    __arm_cp.17_0                            0x000011b4   Number         4  stm32l0xx_hal_rtc_ex.o(.text.HAL_RTCEx_SetWakeUpTimer_IT)
    __arm_cp.17_1                            0x000011b8   Number         4  stm32l0xx_hal_rtc_ex.o(.text.HAL_RTCEx_SetWakeUpTimer_IT)
    [Anonymous Symbol]                       0x000011bc   Section        0  stm32l0xx_hal_rtc.o(.text.HAL_RTC_Init)
    __arm_cp.0_0                             0x00001270   Number         4  stm32l0xx_hal_rtc.o(.text.HAL_RTC_Init)
    [Anonymous Symbol]                       0x00001274   Section        0  stm32l0xx_hal_rtc.o(.text.HAL_RTC_MspInit)
    [Anonymous Symbol]                       0x00001278   Section        0  stm32l0xx_hal_rtc.o(.text.HAL_RTC_WaitForSynchro)
    [Anonymous Symbol]                       0x000012a8   Section        0  stm32l0xx_hal_cortex.o(.text.HAL_SYSTICK_Config)
    MX_RTC_Init                              0x000012b1   Thumb Code    44  main.o(.text.MX_RTC_Init)
    [Anonymous Symbol]                       0x000012b0   Section        0  main.o(.text.MX_RTC_Init)
    __arm_cp.2_1                             0x000012d8   Number         4  main.o(.text.MX_RTC_Init)
    [Anonymous Symbol]                       0x000012dc   Section        0  stm32l0xx_hal_rtc.o(.text.RTC_EnterInitMode)
    __arm_cp.2_0                             0x00001314   Number         4  stm32l0xx_hal_rtc.o(.text.RTC_EnterInitMode)
    Stop_Mode_Resume                         0x00001319   Thumb Code    20  main.o(.text.Stop_Mode_Resume)
    [Anonymous Symbol]                       0x00001318   Section        0  main.o(.text.Stop_Mode_Resume)
    __arm_cp.4_0                             0x00001328   Number         4  main.o(.text.Stop_Mode_Resume)
    SysTick_Config                           0x0000132d   Thumb Code    40  stm32l0xx_hal_cortex.o(.text.SysTick_Config)
    [Anonymous Symbol]                       0x0000132c   Section        0  stm32l0xx_hal_cortex.o(.text.SysTick_Config)
    __arm_cp.9_0                             0x00001350   Number         4  stm32l0xx_hal_cortex.o(.text.SysTick_Config)
    SystemClock_Config                       0x00001355   Thumb Code   112  main.o(.text.SystemClock_Config)
    [Anonymous Symbol]                       0x00001354   Section        0  main.o(.text.SystemClock_Config)
    [Anonymous Symbol]                       0x000013c4   Section        0  system_stm32l0xx.o(.text.SystemInit)
    __arm_cp.0_0                             0x00001404   Number         4  system_stm32l0xx.o(.text.SystemInit)
    __arm_cp.0_1                             0x00001408   Number         4  system_stm32l0xx.o(.text.SystemInit)
    __arm_cp.0_2                             0x0000140c   Number         4  system_stm32l0xx.o(.text.SystemInit)
    __arm_cp.0_3                             0x00001410   Number         4  system_stm32l0xx.o(.text.SystemInit)
    __NVIC_SetPriority                       0x00001415   Thumb Code    64  stm32l0xx_hal_cortex.o(.text.__NVIC_SetPriority)
    [Anonymous Symbol]                       0x00001414   Section        0  stm32l0xx_hal_cortex.o(.text.__NVIC_SetPriority)
    __arm_cp.1_0                             0x0000144c   Number         4  stm32l0xx_hal_cortex.o(.text.__NVIC_SetPriority)
    __arm_cp.1_1                             0x00001450   Number         4  stm32l0xx_hal_cortex.o(.text.__NVIC_SetPriority)
    [Anonymous Symbol]                       0x00001454   Section        0  bayesfunctions.o(.text.arm_gaussian_naive_bayes_predict_f32)
    __arm_cp.0_0                             0x00001530   Number         4  bayesfunctions.o(.text.arm_gaussian_naive_bayes_predict_f32)
    [Anonymous Symbol]                       0x00001534   Section        0  statisticsfunctions.o(.text.arm_max_f32)
    [Anonymous Symbol]                       0x00001594   Section        0  main.o(.text.main)
    __arm_cp.0_0                             0x000015ec   Number         4  main.o(.text.main)
    __arm_cp.0_1                             0x000015f0   Number         4  main.o(.text.main)
    __arm_cp.0_2                             0x000015f4   Number         4  main.o(.text.main)
    __arm_cp.0_3                             0x000015f8   Number         4  main.o(.text.main)
    __arm_cp.0_4                             0x000015fc   Number         4  main.o(.text.main)
    .text_divfast                            0x00001600   Section      502  aeabi_sdivfast.o(.text_divfast)
    i.__mathlib_flt_divzero                  0x000017f6   Section        0  funder.o(i.__mathlib_flt_divzero)
    i.__mathlib_flt_infnan                   0x00001804   Section        0  funder.o(i.__mathlib_flt_infnan)
    i.__mathlib_flt_invalid                  0x0000180e   Section        0  funder.o(i.__mathlib_flt_invalid)
    i._fls                                   0x0000181a   Section        0  fcmp.o(i._fls)
    i.logf                                   0x00001830   Section        0  logf.o(i.logf)
    x$fpl$fadd                               0x000019ac   Section      140  faddsub.o(x$fpl$fadd)
    _fadd1                                   0x000019b9   Thumb Code     0  faddsub.o(x$fpl$fadd)
    x$fpl$fleqf                              0x00001a38   Section       84  flef.o(x$fpl$fleqf)
    x$fpl$fmul                               0x00001a8c   Section      176  fmul.o(x$fpl$fmul)
    x$fpl$fsub                               0x00001b3c   Section      208  faddsub.o(x$fpl$fsub)
    _fsub1                                   0x00001b49   Thumb Code     0  faddsub.o(x$fpl$fsub)
    fdiv_tab                                 0x00001c0c   Data          64  fdiv.o(.constdata)
    .constdata                               0x00001c0c   Section       64  fdiv.o(.constdata)
    x$fpl$usenofp                            0x00001c0c   Section        0  usenofp.o(x$fpl$usenofp)
    logahi                                   0x00001c4c   Data          32  logf.o(.constdata)
    .constdata                               0x00001c4c   Section       64  logf.o(.constdata)
    logalo                                   0x00001c6c   Data          32  logf.o(.constdata)
    .bss                                     0x20000008   Section       96  libspace.o(.bss)
    Heap_Mem                                 0x200000a8   Data         512  startup_stm32l010xb.o(HEAP)
    HEAP                                     0x200000a8   Section      512  startup_stm32l010xb.o(HEAP)
    Stack_Mem                                0x200002a8   Data        1024  startup_stm32l010xb.o(STACK)
    STACK                                    0x200002a8   Section     1024  startup_stm32l010xb.o(STACK)
    __initial_sp                             0x200006a8   Data           0  startup_stm32l010xb.o(STACK)

    Global Symbols

    Symbol Name                              Value     Ov Type        Size  Object(Section)

    BuildAttributes$$THM_ISAv3M$S$PE$A:L22$X:L11$S22$IEEE1$IW$~IW$USESV6$~STKCKD$USESV7$~SHL$OTIME$ROPI$IEEEX$EBA8$UX$STANDARDLIB$REQ8$PRES8$EABIv2 0x00000000   Number         0  anon$$obj.o ABSOLUTE
    __Vectors                                0x00000000   Data           4  startup_stm32l010xb.o(RESET)
    __ARM_exceptions_init                     - Undefined Weak Reference
    __alloca_initialize                       - Undefined Weak Reference
    __arm_preinit_                            - Undefined Weak Reference
    __cpp_initialize__aeabi_                  - Undefined Weak Reference
    __cxa_finalize                            - Undefined Weak Reference
    __rt_locale                               - Undefined Weak Reference
    __sigvec_lookup                           - Undefined Weak Reference
    _atexit_init                              - Undefined Weak Reference
    _call_atexit_fns                          - Undefined Weak Reference
    _clock_init                               - Undefined Weak Reference
    _fp_trap_init                             - Undefined Weak Reference
    _fp_trap_shutdown                         - Undefined Weak Reference
    _get_lc_collate                           - Undefined Weak Reference
    _get_lc_ctype                             - Undefined Weak Reference
    _get_lc_monetary                          - Undefined Weak Reference
    _get_lc_numeric                           - Undefined Weak Reference
    _get_lc_time                              - Undefined Weak Reference
    _getenv_init                              - Undefined Weak Reference
    _handle_redirection                       - Undefined Weak Reference
    _init_alloc                               - Undefined Weak Reference
    _init_user_alloc                          - Undefined Weak Reference
    _initio                                   - Undefined Weak Reference
    _rand_init                                - Undefined Weak Reference
    _signal_finish                            - Undefined Weak Reference
    _signal_init                              - Undefined Weak Reference
    _terminate_alloc                          - Undefined Weak Reference
    _terminate_user_alloc                     - Undefined Weak Reference
    _terminateio                              - Undefined Weak Reference
    __Vectors_End                            0x000000c0   Data           0  startup_stm32l010xb.o(RESET)
    __Vectors_Size                           0x000000c0   Number         0  startup_stm32l010xb.o ABSOLUTE
    __main                                   0x000000c1   Thumb Code     8  __main.o(!!!main)
    __scatterload                            0x000000c9   Thumb Code     0  __scatter.o(!!!scatter)
    __scatterload_rt2                        0x000000c9   Thumb Code    52  __scatter.o(!!!scatter)
    __scatterload_rt2_thumb_only             0x000000c9   Thumb Code     0  __scatter.o(!!!scatter)
    __scatterload_null                       0x000000d9   Thumb Code     0  __scatter.o(!!!scatter)
    __scatterload_copy                       0x00000105   Thumb Code    26  __scatter_copy.o(!!handler_copy)
    __scatterload_zeroinit                   0x00000121   Thumb Code    28  __scatter_zi.o(!!handler_zi)
    __rt_lib_init                            0x0000013d   Thumb Code     0  libinit.o(.ARM.Collect$$libinit$$00000000)
    __rt_lib_init_alloca_1                   0x0000013f   Thumb Code     0  libinit2.o(.ARM.Collect$$libinit$$0000002E)
    __rt_lib_init_argv_1                     0x0000013f   Thumb Code     0  libinit2.o(.ARM.Collect$$libinit$$0000002C)
    __rt_lib_init_atexit_1                   0x0000013f   Thumb Code     0  libinit2.o(.ARM.Collect$$libinit$$0000001B)
    __rt_lib_init_clock_1                    0x0000013f   Thumb Code     0  libinit2.o(.ARM.Collect$$libinit$$00000021)
    __rt_lib_init_cpp_1                      0x0000013f   Thumb Code     0  libinit2.o(.ARM.Collect$$libinit$$00000032)
    __rt_lib_init_exceptions_1               0x0000013f   Thumb Code     0  libinit2.o(.ARM.Collect$$libinit$$00000030)
    __rt_lib_init_fp_1                       0x0000013f   Thumb Code     0  libinit2.o(.ARM.Collect$$libinit$$00000002)
    __rt_lib_init_fp_trap_1                  0x0000013f   Thumb Code     0  libinit2.o(.ARM.Collect$$libinit$$0000001F)
    __rt_lib_init_getenv_1                   0x0000013f   Thumb Code     0  libinit2.o(.ARM.Collect$$libinit$$00000023)
    __rt_lib_init_heap_1                     0x0000013f   Thumb Code     0  libinit2.o(.ARM.Collect$$libinit$$0000000A)
    __rt_lib_init_lc_collate_1               0x0000013f   Thumb Code     0  libinit2.o(.ARM.Collect$$libinit$$00000011)
    __rt_lib_init_lc_ctype_1                 0x0000013f   Thumb Code     0  libinit2.o(.ARM.Collect$$libinit$$00000013)
    __rt_lib_init_lc_monetary_1              0x0000013f   Thumb Code     0  libinit2.o(.ARM.Collect$$libinit$$00000015)
    __rt_lib_init_lc_numeric_1               0x0000013f   Thumb Code     0  libinit2.o(.ARM.Collect$$libinit$$00000017)
    __rt_lib_init_lc_time_1                  0x0000013f   Thumb Code     0  libinit2.o(.ARM.Collect$$libinit$$00000019)
    __rt_lib_init_preinit_1                  0x0000013f   Thumb Code     0  libinit2.o(.ARM.Collect$$libinit$$00000004)
    __rt_lib_init_rand_1                     0x0000013f   Thumb Code     0  libinit2.o(.ARM.Collect$$libinit$$0000000E)
    __rt_lib_init_return                     0x0000013f   Thumb Code     0  libinit2.o(.ARM.Collect$$libinit$$00000033)
    __rt_lib_init_signal_1                   0x0000013f   Thumb Code     0  libinit2.o(.ARM.Collect$$libinit$$0000001D)
    __rt_lib_init_stdio_1                    0x0000013f   Thumb Code     0  libinit2.o(.ARM.Collect$$libinit$$00000025)
    __rt_lib_init_user_alloc_1               0x0000013f   Thumb Code     0  libinit2.o(.ARM.Collect$$libinit$$0000000C)
    __rt_lib_shutdown                        0x00000141   Thumb Code     0  libshutdown.o(.ARM.Collect$$libshutdown$$00000000)
    __rt_lib_shutdown_cpp_1                  0x00000143   Thumb Code     0  libshutdown2.o(.ARM.Collect$$libshutdown$$00000002)
    __rt_lib_shutdown_fp_trap_1              0x00000143   Thumb Code     0  libshutdown2.o(.ARM.Collect$$libshutdown$$00000007)
    __rt_lib_shutdown_heap_1                 0x00000143   Thumb Code     0  libshutdown2.o(.ARM.Collect$$libshutdown$$0000000F)
    __rt_lib_shutdown_return                 0x00000143   Thumb Code     0  libshutdown2.o(.ARM.Collect$$libshutdown$$00000010)
    __rt_lib_shutdown_signal_1               0x00000143   Thumb Code     0  libshutdown2.o(.ARM.Collect$$libshutdown$$0000000A)
    __rt_lib_shutdown_stdio_1                0x00000143   Thumb Code     0  libshutdown2.o(.ARM.Collect$$libshutdown$$00000004)
    __rt_lib_shutdown_user_alloc_1           0x00000143   Thumb Code     0  libshutdown2.o(.ARM.Collect$$libshutdown$$0000000C)
    __rt_entry                               0x00000145   Thumb Code     0  __rtentry.o(.ARM.Collect$$rtentry$$00000000)
    __rt_entry_presh_1                       0x00000145   Thumb Code     0  __rtentry2.o(.ARM.Collect$$rtentry$$00000002)
    __rt_entry_sh                            0x00000145   Thumb Code     0  __rtentry7.o(.ARM.Collect$$rtentry$$00000007)
    __rt_entry_li                            0x00000149   Thumb Code     0  __rtentry2.o(.ARM.Collect$$rtentry$$0000000A)
    __rt_entry_postsh_1                      0x00000149   Thumb Code     0  __rtentry2.o(.ARM.Collect$$rtentry$$00000009)
    __rt_entry_main                          0x0000014d   Thumb Code     0  __rtentry2.o(.ARM.Collect$$rtentry$$0000000D)
    __rt_entry_postli_1                      0x0000014d   Thumb Code     0  __rtentry2.o(.ARM.Collect$$rtentry$$0000000C)
    __rt_exit                                0x00000159   Thumb Code     0  rtexit.o(.ARM.Collect$$rtexit$$00000000)
    __rt_exit_ls                             0x0000015b   Thumb Code     0  rtexit2.o(.ARM.Collect$$rtexit$$00000003)
    __rt_exit_prels_1                        0x0000015b   Thumb Code     0  rtexit2.o(.ARM.Collect$$rtexit$$00000002)
    __rt_exit_exit                           0x0000015f   Thumb Code     0  rtexit2.o(.ARM.Collect$$rtexit$$00000004)
    Reset_Handler                            0x00000165   Thumb Code    38  startup_stm32l010xb.o(.text)
    NMI_Handler                              0x0000018b   Thumb Code     2  startup_stm32l010xb.o(.text)
    HardFault_Handler                        0x0000018d   Thumb Code     2  startup_stm32l010xb.o(.text)
    SVC_Handler                              0x0000018f   Thumb Code     2  startup_stm32l010xb.o(.text)
    PendSV_Handler                           0x00000191   Thumb Code     2  startup_stm32l010xb.o(.text)
    SysTick_Handler                          0x00000193   Thumb Code     2  startup_stm32l010xb.o(.text)
    ADC1_IRQHandler                          0x00000195   Thumb Code     0  startup_stm32l010xb.o(.text)
    DMA1_Channel1_IRQHandler                 0x00000195   Thumb Code     0  startup_stm32l010xb.o(.text)
    DMA1_Channel2_3_IRQHandler               0x00000195   Thumb Code     0  startup_stm32l010xb.o(.text)
    DMA1_Channel4_5_6_7_IRQHandler           0x00000195   Thumb Code     0  startup_stm32l010xb.o(.text)
    EXTI0_1_IRQHandler                       0x00000195   Thumb Code     0  startup_stm32l010xb.o(.text)
    EXTI2_3_IRQHandler                       0x00000195   Thumb Code     0  startup_stm32l010xb.o(.text)
    EXTI4_15_IRQHandler                      0x00000195   Thumb Code     0  startup_stm32l010xb.o(.text)
    FLASH_IRQHandler                         0x00000195   Thumb Code     0  startup_stm32l010xb.o(.text)
    I2C1_IRQHandler                          0x00000195   Thumb Code     0  startup_stm32l010xb.o(.text)
    LPTIM1_IRQHandler                        0x00000195   Thumb Code     0  startup_stm32l010xb.o(.text)
    LPUART1_IRQHandler                       0x00000195   Thumb Code     0  startup_stm32l010xb.o(.text)
    RCC_IRQHandler                           0x00000195   Thumb Code     0  startup_stm32l010xb.o(.text)
    RTC_IRQHandler                           0x00000195   Thumb Code     0  startup_stm32l010xb.o(.text)
    SPI1_IRQHandler                          0x00000195   Thumb Code     0  startup_stm32l010xb.o(.text)
    TIM21_IRQHandler                         0x00000195   Thumb Code     0  startup_stm32l010xb.o(.text)
    TIM22_IRQHandler                         0x00000195   Thumb Code     0  startup_stm32l010xb.o(.text)
    TIM2_IRQHandler                          0x00000195   Thumb Code     0  startup_stm32l010xb.o(.text)
    USART2_IRQHandler                        0x00000195   Thumb Code     0  startup_stm32l010xb.o(.text)
    WWDG_IRQHandler                          0x00000195   Thumb Code     0  startup_stm32l010xb.o(.text)
    __user_initial_stackheap                 0x00000199   Thumb Code     0  startup_stm32l010xb.o(.text)
    _memset_w                                0x000001d9   Thumb Code    26  rt_memclr.o(.text)
    _memset                                  0x000001f3   Thumb Code    30  rt_memclr.o(.text)
    __aeabi_memclr                           0x00000211   Thumb Code     4  rt_memclr.o(.text)
    __rt_memclr                              0x00000211   Thumb Code     0  rt_memclr.o(.text)
    __aeabi_memclr4                          0x00000215   Thumb Code     0  rt_memclr.o(.text)
    __aeabi_memclr8                          0x00000215   Thumb Code     0  rt_memclr.o(.text)
    __rt_memclr_w                            0x00000215   Thumb Code     4  rt_memclr.o(.text)
    __use_two_region_memory                  0x00000219   Thumb Code     2  heapauxi.o(.text)
    __rt_heap_escrow$2region                 0x0000021b   Thumb Code     2  heapauxi.o(.text)
    __rt_heap_expand$2region                 0x0000021d   Thumb Code     2  heapauxi.o(.text)
    __aeabi_fdiv                             0x00000221   Thumb Code     0  fdiv.o(.text)
    _fdiv                                    0x00000221   Thumb Code   334  fdiv.o(.text)
    _frdiv                                   0x0000036f   Thumb Code     8  fdiv.o(.text)
    __aeabi_i2f_normalise                    0x00000381   Thumb Code    72  fflti.o(.text)
    __aeabi_i2f                              0x000003c9   Thumb Code    16  fflti.o(.text)
    _fflt                                    0x000003c9   Thumb Code     0  fflti.o(.text)
    __aeabi_ui2f                             0x000003d9   Thumb Code     6  fflti.o(.text)
    _ffltu                                   0x000003d9   Thumb Code     0  fflti.o(.text)
    __read_errno                             0x000003df   Thumb Code    10  _rserrno.o(.text)
    __set_errno                              0x000003e9   Thumb Code    12  _rserrno.o(.text)
    __ARM_scalbnf                            0x000003f5   Thumb Code    64  fscalbn.o(.text)
    __aeabi_errno_addr                       0x00000439   Thumb Code     8  rt_errno_addr_intlibspace.o(.text)
    __errno$intlibspace                      0x00000439   Thumb Code     0  rt_errno_addr_intlibspace.o(.text)
    __rt_errno_addr$intlibspace              0x00000439   Thumb Code     0  rt_errno_addr_intlibspace.o(.text)
    __fpl_fcmp_InfNaN                        0x00000441   Thumb Code    96  fcmpin.o(.text)
    exit                                     0x000004a5   Thumb Code    16  exit.o(.text)
    __fpl_cmpreturn                          0x000004b5   Thumb Code    46  cmpret.o(.text)
    __fpl_fcheck_NaN2                        0x000004e5   Thumb Code    10  fnan2.o(.text)
    __fpl_return_NaN                         0x000004f5   Thumb Code    94  retnan.o(.text)
    _sys_exit                                0x00000555   Thumb Code     8  sys_exit.o(.text)
    __I$use$semihosting                      0x00000561   Thumb Code     0  use_no_semi.o(.text)
    __use_no_semihosting_swi                 0x00000561   Thumb Code     2  use_no_semi.o(.text)
    __semihosting_library_function           0x00000563   Thumb Code     0  indicate_semi.o(.text)
    HAL_GPIO_Init                            0x00000619   Thumb Code   376  stm32l0xx_hal_gpio.o(.text.HAL_GPIO_Init)
    HAL_GetTick                              0x00000791   Thumb Code    12  stm32l0xx_hal.o(.text.HAL_GetTick)
    HAL_Init                                 0x0000079d   Thumb Code    44  stm32l0xx_hal.o(.text.HAL_Init)
    HAL_InitTick                             0x000007c9   Thumb Code    48  stm32l0xx_hal.o(.text.HAL_InitTick)
    HAL_MspInit                              0x000007f9   Thumb Code     2  stm32l0xx_hal.o(.text.HAL_MspInit)
    HAL_NVIC_SetPriority                     0x000007fb   Thumb Code     8  stm32l0xx_hal_cortex.o(.text.HAL_NVIC_SetPriority)
    HAL_PWREx_EnableFastWakeUp               0x00000805   Thumb Code    16  stm32l0xx_hal_pwr_ex.o(.text.HAL_PWREx_EnableFastWakeUp)
    HAL_PWREx_EnableUltraLowPower            0x00000815   Thumb Code    16  stm32l0xx_hal_pwr_ex.o(.text.HAL_PWREx_EnableUltraLowPower)
    HAL_PWR_EnterSTOPMode                    0x00000825   Thumb Code    52  stm32l0xx_hal_pwr.o(.text.HAL_PWR_EnterSTOPMode)
    HAL_RCCEx_PeriphCLKConfig                0x00000859   Thumb Code   404  stm32l0xx_hal_rcc_ex.o(.text.HAL_RCCEx_PeriphCLKConfig)
    HAL_RCC_ClockConfig                      0x000009ed   Thumb Code   388  stm32l0xx_hal_rcc.o(.text.HAL_RCC_ClockConfig)
    HAL_RCC_GetSysClockFreq                  0x00000b71   Thumb Code   116  stm32l0xx_hal_rcc.o(.text.HAL_RCC_GetSysClockFreq)
    HAL_RCC_OscConfig                        0x00000be5   Thumb Code  1156  stm32l0xx_hal_rcc.o(.text.HAL_RCC_OscConfig)
    HAL_RTCEx_DeactivateWakeUpTimer          0x00001069   Thumb Code   116  stm32l0xx_hal_rtc_ex.o(.text.HAL_RTCEx_DeactivateWakeUpTimer)
    HAL_RTCEx_SetWakeUpTimer_IT              0x000010dd   Thumb Code   224  stm32l0xx_hal_rtc_ex.o(.text.HAL_RTCEx_SetWakeUpTimer_IT)
    HAL_RTC_Init                             0x000011bd   Thumb Code   184  stm32l0xx_hal_rtc.o(.text.HAL_RTC_Init)
    HAL_RTC_MspInit                          0x00001275   Thumb Code     2  stm32l0xx_hal_rtc.o(.text.HAL_RTC_MspInit)
    HAL_RTC_WaitForSynchro                   0x00001279   Thumb Code    48  stm32l0xx_hal_rtc.o(.text.HAL_RTC_WaitForSynchro)
    HAL_SYSTICK_Config                       0x000012a9   Thumb Code     8  stm32l0xx_hal_cortex.o(.text.HAL_SYSTICK_Config)
    RTC_EnterInitMode                        0x000012dd   Thumb Code    60  stm32l0xx_hal_rtc.o(.text.RTC_EnterInitMode)
    SystemInit                               0x000013c5   Thumb Code    80  system_stm32l0xx.o(.text.SystemInit)
    arm_gaussian_naive_bayes_predict_f32     0x00001455   Thumb Code   224  bayesfunctions.o(.text.arm_gaussian_naive_bayes_predict_f32)
    arm_max_f32                              0x00001535   Thumb Code    94  statisticsfunctions.o(.text.arm_max_f32)
    main                                     0x00001595   Thumb Code   108  main.o(.text.main)
    __aeabi_uidiv                            0x00001601   Thumb Code    68  aeabi_sdivfast.o(.text_divfast)
    __aeabi_idiv                             0x00001645   Thumb Code   434  aeabi_sdivfast.o(.text_divfast)
    __mathlib_flt_divzero                    0x000017f7   Thumb Code    14  funder.o(i.__mathlib_flt_divzero)
    __mathlib_flt_infnan                     0x00001805   Thumb Code    10  funder.o(i.__mathlib_flt_infnan)
    __mathlib_flt_invalid                    0x0000180f   Thumb Code    12  funder.o(i.__mathlib_flt_invalid)
    __aeabi_fcmplt                           0x0000181b   Thumb Code     0  fcmp.o(i._fls)
    _fls                                     0x0000181b   Thumb Code    22  fcmp.o(i._fls)
    __mathlib_logf                           0x00001831   Thumb Code     0  logf.o(i.logf)
    logf                                     0x00001831   Thumb Code   338  logf.o(i.logf)
    __aeabi_fadd                             0x000019ad   Thumb Code     0  faddsub.o(x$fpl$fadd)
    _fadd                                    0x000019ad   Thumb Code   134  faddsub.o(x$fpl$fadd)
    __aeabi_cfcmple                          0x00001a39   Thumb Code     0  flef.o(x$fpl$fleqf)
    _fcmple                                  0x00001a39   Thumb Code    78  flef.o(x$fpl$fleqf)
    __aeabi_fmul                             0x00001a8d   Thumb Code     0  fmul.o(x$fpl$fmul)
    _fmul                                    0x00001a8d   Thumb Code   172  fmul.o(x$fpl$fmul)
    __aeabi_fsub                             0x00001b3d   Thumb Code     0  faddsub.o(x$fpl$fsub)
    _fsub                                    0x00001b3d   Thumb Code   204  faddsub.o(x$fpl$fsub)
    __I$use$fp                               0x00001c0c   Number         0  usenofp.o(x$fpl$usenofp)
    AHBPrescTable                            0x00001c8c   Data          16  system_stm32l0xx.o(.rodata.AHBPrescTable)
    PLLMulTable                              0x00001c9c   Data           9  system_stm32l0xx.o(.rodata.PLLMulTable)
    classPriors                              0x00001ca8   Data          12  main.o(.rodata.classPriors)
    sigma                                    0x00001cb4   Data          24  main.o(.rodata.sigma)
    theta                                    0x00001ccc   Data          24  main.o(.rodata.theta)
    Region$$Table$$Base                      0x00001ce4   Number         0  anon$$obj.o(Region$$Table)
    Region$$Table$$Limit                     0x00001d04   Number         0  anon$$obj.o(Region$$Table)
    SystemCoreClock                          0x20000000   Data           4  system_stm32l0xx.o(.data.SystemCoreClock)
    __libspace_start                         0x20000008   Data          96  libspace.o(.bss)
    S                                        0x20000068   Data          24  main.o(.bss.S)
    __temporary_stack_top$libspace           0x20000068   Data           0  libspace.o(.bss)
    hrtc                                     0x20000080   Data          36  main.o(.bss.hrtc)
    uwTick                                   0x200000a4   Data           4  stm32l0xx_hal.o(.bss.uwTick)
    Image$$ARM_LIB_HEAP$$ZI$$Base            0x200006a8   Number         0  anon$$obj.o ABSOLUTE
    Image$$ARM_LIB_HEAP$$ZI$$Limit           0x200012a8   Number         0  anon$$obj.o ABSOLUTE
    Image$$ARM_LIB_STACK$$ZI$$Limit          0x20040000   Number         0  anon$$obj.o ABSOLUTE



==============================================================================

Memory Map of the image

  Image Entry point : 0x000000c1

  Load Region LR_ROM (Base: 0x00000000, Size: 0x00001d10, Max: 0x00080000, ABSOLUTE)

    Execution Region ER_ROM (Exec base: 0x00000000, Load base: 0x00000000, Size: 0x00001d04, Max: 0x00080000, ABSOLUTE)

    Exec Addr    Load Addr    Size         Type   Attr      Idx    E Section Name        Object

    0x00000000   0x00000000   0x000000c0   Data   RO         1590    RESET               startup_stm32l010xb.o
    0x000000c0   0x000000c0   0x00000008   Code   RO         1643  * !!!main             c_p.l(__main.o)
    0x000000c8   0x000000c8   0x0000003c   Code   RO         1990    !!!scatter          c_p.l(__scatter.o)
    0x00000104   0x00000104   0x0000001a   Code   RO         1992    !!handler_copy      c_p.l(__scatter_copy.o)
    0x0000011e   0x0000011e   0x00000002   PAD
    0x00000120   0x00000120   0x0000001c   Code   RO         1994    !!handler_zi        c_p.l(__scatter_zi.o)
    0x0000013c   0x0000013c   0x00000002   Code   RO         1844    .ARM.Collect$$libinit$$00000000  c_p.l(libinit.o)
    0x0000013e   0x0000013e   0x00000000   Code   RO         1861    .ARM.Collect$$libinit$$00000002  c_p.l(libinit2.o)
    0x0000013e   0x0000013e   0x00000000   Code   RO         1863    .ARM.Collect$$libinit$$00000004  c_p.l(libinit2.o)
    0x0000013e   0x0000013e   0x00000000   Code   RO         1866    .ARM.Collect$$libinit$$0000000A  c_p.l(libinit2.o)
    0x0000013e   0x0000013e   0x00000000   Code   RO         1868    .ARM.Collect$$libinit$$0000000C  c_p.l(libinit2.o)
    0x0000013e   0x0000013e   0x00000000   Code   RO         1870    .ARM.Collect$$libinit$$0000000E  c_p.l(libinit2.o)
    0x0000013e   0x0000013e   0x00000000   Code   RO         1873    .ARM.Collect$$libinit$$00000011  c_p.l(libinit2.o)
    0x0000013e   0x0000013e   0x00000000   Code   RO         1875    .ARM.Collect$$libinit$$00000013  c_p.l(libinit2.o)
    0x0000013e   0x0000013e   0x00000000   Code   RO         1877    .ARM.Collect$$libinit$$00000015  c_p.l(libinit2.o)
    0x0000013e   0x0000013e   0x00000000   Code   RO         1879    .ARM.Collect$$libinit$$00000017  c_p.l(libinit2.o)
    0x0000013e   0x0000013e   0x00000000   Code   RO         1881    .ARM.Collect$$libinit$$00000019  c_p.l(libinit2.o)
    0x0000013e   0x0000013e   0x00000000   Code   RO         1883    .ARM.Collect$$libinit$$0000001B  c_p.l(libinit2.o)
    0x0000013e   0x0000013e   0x00000000   Code   RO         1885    .ARM.Collect$$libinit$$0000001D  c_p.l(libinit2.o)
    0x0000013e   0x0000013e   0x00000000   Code   RO         1887    .ARM.Collect$$libinit$$0000001F  c_p.l(libinit2.o)
    0x0000013e   0x0000013e   0x00000000   Code   RO         1889    .ARM.Collect$$libinit$$00000021  c_p.l(libinit2.o)
    0x0000013e   0x0000013e   0x00000000   Code   RO         1891    .ARM.Collect$$libinit$$00000023  c_p.l(libinit2.o)
    0x0000013e   0x0000013e   0x00000000   Code   RO         1893    .ARM.Collect$$libinit$$00000025  c_p.l(libinit2.o)
    0x0000013e   0x0000013e   0x00000000   Code   RO         1897    .ARM.Collect$$libinit$$0000002C  c_p.l(libinit2.o)
    0x0000013e   0x0000013e   0x00000000   Code   RO         1899    .ARM.Collect$$libinit$$0000002E  c_p.l(libinit2.o)
    0x0000013e   0x0000013e   0x00000000   Code   RO         1901    .ARM.Collect$$libinit$$00000030  c_p.l(libinit2.o)
    0x0000013e   0x0000013e   0x00000000   Code   RO         1903    .ARM.Collect$$libinit$$00000032  c_p.l(libinit2.o)
    0x0000013e   0x0000013e   0x00000002   Code   RO         1904    .ARM.Collect$$libinit$$00000033  c_p.l(libinit2.o)
    0x00000140   0x00000140   0x00000002   Code   RO         1945    .ARM.Collect$$libshutdown$$00000000  c_p.l(libshutdown.o)
    0x00000142   0x00000142   0x00000000   Code   RO         1973    .ARM.Collect$$libshutdown$$00000002  c_p.l(libshutdown2.o)
    0x00000142   0x00000142   0x00000000   Code   RO         1975    .ARM.Collect$$libshutdown$$00000004  c_p.l(libshutdown2.o)
    0x00000142   0x00000142   0x00000000   Code   RO         1978    .ARM.Collect$$libshutdown$$00000007  c_p.l(libshutdown2.o)
    0x00000142   0x00000142   0x00000000   Code   RO         1981    .ARM.Collect$$libshutdown$$0000000A  c_p.l(libshutdown2.o)
    0x00000142   0x00000142   0x00000000   Code   RO         1983    .ARM.Collect$$libshutdown$$0000000C  c_p.l(libshutdown2.o)
    0x00000142   0x00000142   0x00000000   Code   RO         1986    .ARM.Collect$$libshutdown$$0000000F  c_p.l(libshutdown2.o)
    0x00000142   0x00000142   0x00000002   Code   RO         1987    .ARM.Collect$$libshutdown$$00000010  c_p.l(libshutdown2.o)
    0x00000144   0x00000144   0x00000000   Code   RO         1727    .ARM.Collect$$rtentry$$00000000  c_p.l(__rtentry.o)
    0x00000144   0x00000144   0x00000000   Code   RO         1797    .ARM.Collect$$rtentry$$00000002  c_p.l(__rtentry2.o)
    0x00000144   0x00000144   0x00000004   Code   RO         1811    .ARM.Collect$$rtentry$$00000007  c_p.l(__rtentry7.o)
    0x00000148   0x00000148   0x00000000   Code   RO         1799    .ARM.Collect$$rtentry$$00000009  c_p.l(__rtentry2.o)
    0x00000148   0x00000148   0x00000004   Code   RO         1800    .ARM.Collect$$rtentry$$0000000A  c_p.l(__rtentry2.o)
    0x0000014c   0x0000014c   0x00000000   Code   RO         1802    .ARM.Collect$$rtentry$$0000000C  c_p.l(__rtentry2.o)
    0x0000014c   0x0000014c   0x00000008   Code   RO         1803    .ARM.Collect$$rtentry$$0000000D  c_p.l(__rtentry2.o)
    0x00000154   0x00000154   0x00000004   Code   RO         1812    .ARM.Collect$$rtentry$$00002718  c_p.l(__rtentry7.o)
    0x00000158   0x00000158   0x00000002   Code   RO         1852    .ARM.Collect$$rtexit$$00000000  c_p.l(rtexit.o)
    0x0000015a   0x0000015a   0x00000000   Code   RO         1916    .ARM.Collect$$rtexit$$00000002  c_p.l(rtexit2.o)
    0x0000015a   0x0000015a   0x00000004   Code   RO         1917    .ARM.Collect$$rtexit$$00000003  c_p.l(rtexit2.o)
    0x0000015e   0x0000015e   0x00000006   Code   RO         1918    .ARM.Collect$$rtexit$$00000004  c_p.l(rtexit2.o)
    0x00000164   0x00000164   0x00000074   Code   RO         1591    .text               startup_stm32l010xb.o
    0x000001d8   0x000001d8   0x00000040   Code   RO         1631    .text               c_p.l(rt_memclr.o)
    0x00000218   0x00000218   0x00000006   Code   RO         1641    .text               c_p.l(heapauxi.o)
    0x0000021e   0x0000021e   0x00000002   PAD
    0x00000220   0x00000220   0x00000160   Code   RO         1688    .text               fz_ps.l(fdiv.o)
    0x00000380   0x00000380   0x0000005e   Code   RO         1695    .text               fz_ps.l(fflti.o)
    0x000003de   0x000003de   0x00000016   Code   RO         1736    .text               c_p.l(_rserrno.o)
    0x000003f4   0x000003f4   0x00000044   Code   RO         1756    .text               fz_ps.l(fscalbn.o)
    0x00000438   0x00000438   0x00000008   Code   RO         1821    .text               c_p.l(rt_errno_addr_intlibspace.o)
    0x00000440   0x00000440   0x00000064   Code   RO         1825    .text               fz_ps.l(fcmpin.o)
    0x000004a4   0x000004a4   0x00000010   Code   RO         1833    .text               c_p.l(exit.o)
    0x000004b4   0x000004b4   0x0000002e   Code   RO         1845    .text               fz_ps.l(cmpret.o)
    0x000004e2   0x000004e2   0x00000002   PAD
    0x000004e4   0x000004e4   0x00000010   Code   RO         1849    .text               fz_ps.l(fnan2.o)
    0x000004f4   0x000004f4   0x0000005e   Code   RO         1909    .text               fz_ps.l(retnan.o)
    0x00000552   0x00000552   0x00000002   PAD
    0x00000554   0x00000554   0x0000000c   Code   RO         1911    .text               c_p.l(sys_exit.o)
    0x00000560   0x00000560   0x00000002   Code   RO         1934    .text               c_p.l(use_no_semi.o)
    0x00000562   0x00000562   0x00000000   Code   RO         1936    .text               c_p.l(indicate_semi.o)
    0x00000562   0x00000562   0x00000002   PAD
    0x00000564   0x00000564   0x00000074   Code   RO           16    .text.Disable_Gpios  main.o
    0x000005d8   0x000005d8   0x00000038   Code   RO           10    .text.Enter_Sleep_Mode  main.o
    0x00000610   0x00000610   0x00000008   Code   RO           14    .text.Error_Handler  main.o
    0x00000618   0x00000618   0x00000178   Code   RO         1327    .text.HAL_GPIO_Init  stm32l0xx_hal_gpio.o
    0x00000790   0x00000790   0x0000000c   Code   RO         1131    .text.HAL_GetTick   stm32l0xx_hal.o
    0x0000079c   0x0000079c   0x0000002c   Code   RO         1119    .text.HAL_Init      stm32l0xx_hal.o
    0x000007c8   0x000007c8   0x00000030   Code   RO         1121    .text.HAL_InitTick  stm32l0xx_hal.o
    0x000007f8   0x000007f8   0x00000002   Code   RO         1123    .text.HAL_MspInit   stm32l0xx_hal.o
    0x000007fa   0x000007fa   0x00000008   Code   RO         1184    .text.HAL_NVIC_SetPriority  stm32l0xx_hal_cortex.o
    0x00000802   0x00000802   0x00000002   PAD
    0x00000804   0x00000804   0x00000010   Code   RO         1385    .text.HAL_PWREx_EnableFastWakeUp  stm32l0xx_hal_pwr_ex.o
    0x00000814   0x00000814   0x00000010   Code   RO         1389    .text.HAL_PWREx_EnableUltraLowPower  stm32l0xx_hal_pwr_ex.o
    0x00000824   0x00000824   0x00000034   Code   RO         1363    .text.HAL_PWR_EnterSTOPMode  stm32l0xx_hal_pwr.o
    0x00000858   0x00000858   0x00000194   Code   RO         1439    .text.HAL_RCCEx_PeriphCLKConfig  stm32l0xx_hal_rcc_ex.o
    0x000009ec   0x000009ec   0x00000184   Code   RO         1411    .text.HAL_RCC_ClockConfig  stm32l0xx_hal_rcc.o
    0x00000b70   0x00000b70   0x00000074   Code   RO         1409    .text.HAL_RCC_GetSysClockFreq  stm32l0xx_hal_rcc.o
    0x00000be4   0x00000be4   0x00000484   Code   RO         1407    .text.HAL_RCC_OscConfig  stm32l0xx_hal_rcc.o
    0x00001068   0x00001068   0x00000074   Code   RO         1547    .text.HAL_RTCEx_DeactivateWakeUpTimer  stm32l0xx_hal_rtc_ex.o
    0x000010dc   0x000010dc   0x000000e0   Code   RO         1545    .text.HAL_RTCEx_SetWakeUpTimer_IT  stm32l0xx_hal_rtc_ex.o
    0x000011bc   0x000011bc   0x000000b8   Code   RO         1463    .text.HAL_RTC_Init  stm32l0xx_hal_rtc.o
    0x00001274   0x00001274   0x00000002   Code   RO         1465    .text.HAL_RTC_MspInit  stm32l0xx_hal_rtc.o
    0x00001276   0x00001276   0x00000002   PAD
    0x00001278   0x00001278   0x00000030   Code   RO         1469    .text.HAL_RTC_WaitForSynchro  stm32l0xx_hal_rtc.o
    0x000012a8   0x000012a8   0x00000008   Code   RO         1200    .text.HAL_SYSTICK_Config  stm32l0xx_hal_cortex.o
    0x000012b0   0x000012b0   0x0000002c   Code   RO            8    .text.MX_RTC_Init   main.o
    0x000012dc   0x000012dc   0x0000003c   Code   RO         1467    .text.RTC_EnterInitMode  stm32l0xx_hal_rtc.o
    0x00001318   0x00001318   0x00000014   Code   RO           12    .text.Stop_Mode_Resume  main.o
    0x0000132c   0x0000132c   0x00000028   Code   RO         1202    .text.SysTick_Config  stm32l0xx_hal_cortex.o
    0x00001354   0x00001354   0x00000070   Code   RO            6    .text.SystemClock_Config  main.o
    0x000013c4   0x000013c4   0x00000050   Code   RO         1598    .text.SystemInit    system_stm32l0xx.o
    0x00001414   0x00001414   0x00000040   Code   RO         1186    .text.__NVIC_SetPriority  stm32l0xx_hal_cortex.o
    0x00001454   0x00001454   0x000000e0   Code   RO          134    .text.arm_gaussian_naive_bayes_predict_f32  bayesfunctions.o
    0x00001534   0x00001534   0x0000005e   Code   RO          785    .text.arm_max_f32   statisticsfunctions.o
    0x00001592   0x00001592   0x00000002   PAD
    0x00001594   0x00001594   0x0000006c   Code   RO            4    .text.main          main.o
    0x00001600   0x00001600   0x000001f6   Code   RO         1634    .text_divfast       c_p.l(aeabi_sdivfast.o)
    0x000017f6   0x000017f6   0x0000000e   Code   RO         1779    i.__mathlib_flt_divzero  m_ps.l(funder.o)
    0x00001804   0x00001804   0x0000000a   Code   RO         1780    i.__mathlib_flt_infnan  m_ps.l(funder.o)
    0x0000180e   0x0000180e   0x0000000c   Code   RO         1782    i.__mathlib_flt_invalid  m_ps.l(funder.o)
    0x0000181a   0x0000181a   0x00000016   Code   RO         1680    i._fls              fz_ps.l(fcmp.o)
    0x00001830   0x00001830   0x0000017c   Code   RO         1710    i.logf              m_ps.l(logf.o)
    0x000019ac   0x000019ac   0x0000008c   Code   RO         1670    x$fpl$fadd          fz_ps.l(faddsub.o)
    0x00001a38   0x00001a38   0x00000054   Code   RO         1752    x$fpl$fleqf         fz_ps.l(flef.o)
    0x00001a8c   0x00001a8c   0x000000b0   Code   RO         1697    x$fpl$fmul          fz_ps.l(fmul.o)
    0x00001b3c   0x00001b3c   0x000000d0   Code   RO         1672    x$fpl$fsub          fz_ps.l(faddsub.o)
    0x00001c0c   0x00001c0c   0x00000000   Code   RO         1762    x$fpl$usenofp       fz_ps.l(usenofp.o)
    0x00001c0c   0x00001c0c   0x00000040   Data   RO         1689    .constdata          fz_ps.l(fdiv.o)
    0x00001c4c   0x00001c4c   0x00000040   Data   RO         1711    .constdata          m_ps.l(logf.o)
    0x00001c8c   0x00001c8c   0x00000010   Data   RO         1603    .rodata.AHBPrescTable  system_stm32l0xx.o
    0x00001c9c   0x00001c9c   0x00000009   Data   RO         1605    .rodata.PLLMulTable  system_stm32l0xx.o
    0x00001ca5   0x00001ca5   0x00000003   PAD
    0x00001ca8   0x00001ca8   0x0000000c   Data   RO           20    .rodata.classPriors  main.o
    0x00001cb4   0x00001cb4   0x00000018   Data   RO           19    .rodata.sigma       main.o
    0x00001ccc   0x00001ccc   0x00000018   Data   RO           18    .rodata.theta       main.o
    0x00001ce4   0x00001ce4   0x00000020   Data   RO         1989    Region$$Table       anon$$obj.o


    Execution Region RW_RAM (Exec base: 0x20000000, Load base: 0x00001d08, Size: 0x000006a8, Max: 0x0003f200, ABSOLUTE)

    Exec Addr    Load Addr    Size         Type   Attr      Idx    E Section Name        Object

    0x20000000   0x00001d08   0x00000004   Data   RW         1602    .data.SystemCoreClock  system_stm32l0xx.o
    0x20000004   0x00001d0c   0x00000004   PAD
    0x20000008        -       0x00000060   Zero   RW         1828    .bss                c_p.l(libspace.o)
    0x20000068        -       0x00000018   Zero   RW           21    .bss.S              main.o
    0x20000080        -       0x00000024   Zero   RW           22    .bss.hrtc           main.o
    0x200000a4        -       0x00000004   Zero   RW         1175    .bss.uwTick         stm32l0xx_hal.o
    0x200000a8        -       0x00000200   Zero   RW         1589    HEAP                startup_stm32l010xb.o
    0x200002a8        -       0x00000400   Zero   RW         1588    STACK               startup_stm32l010xb.o


    Execution Region ARM_LIB_HEAP (Exec base: 0x200006a8, Load base: 0x00001d10, Size: 0x00000c00, Max: 0x00000c00, ABSOLUTE)

    Exec Addr    Load Addr    Size         Type   Attr      Idx    E Section Name        Object

    0x200006a8        -       0x00000c00   Zero   RW            1    ARM_LIB_HEAP.bss    anon$$obj.o


    Execution Region ARM_LIB_STACK (Exec base: 0x2003fe00, Load base: 0x00001d10, Size: 0x00000200, Max: 0x00000200, ABSOLUTE)

    Exec Addr    Load Addr    Size         Type   Attr      Idx    E Section Name        Object

    0x2003fe00        -       0x00000200   Zero   RW            2    ARM_LIB_STACK.bss   anon$$obj.o


==============================================================================

Image component sizes


      Code (inc. data)   RO Data    RW Data    ZI Data      Debug   Object Name

       224          4          0          0          0       2261   bayesfunctions.o
       464         56         60          0         60       5409   main.o
       116         56        192          0       1536        676   startup_stm32l010xb.o
        94          0          0          0          0      20103   statisticsfunctions.o
       106          4          0          0          4       6245   stm32l0xx_hal.o
       120         12          0          0          0       5852   stm32l0xx_hal_cortex.o
       376         20          0          0          0       5084   stm32l0xx_hal_gpio.o
        52          4          0          0          0       3438   stm32l0xx_hal_pwr.o
        32          0          0          0          0       2074   stm32l0xx_hal_pwr_ex.o
      1660         68          0          0          0       8413   stm32l0xx_hal_rcc.o
       404          8          0          0          0       4834   stm32l0xx_hal_rcc_ex.o
       294          8          0          0          0      10245   stm32l0xx_hal_rtc.o
       340          8          0          0          0      14157   stm32l0xx_hal_rtc_ex.o
        80         16         25          4          0       2515   system_stm32l0xx.o

    ----------------------------------------------------------------------
      4368        264        312          4       5188      91306   Object Totals
         0          0         32          0       3584          0   (incl. Generated)
         6          0          3          0          4          0   (incl. Padding)

    ----------------------------------------------------------------------

      Code (inc. data)   RO Data    RW Data    ZI Data      Debug   Library Member Name

         8          0          0          0          0         68   __main.o
         0          0          0          0          0          0   __rtentry.o
        12          0          0          0          0          0   __rtentry2.o
         8          4          0          0          0          0   __rtentry7.o
        60          8          0          0          0          0   __scatter.o
        26          0          0          0          0          0   __scatter_copy.o
        28          0          0          0          0          0   __scatter_zi.o
        22          0          0          0          0         92   _rserrno.o
       502          0          0          0          0         92   aeabi_sdivfast.o
        16          0          0          0          0         68   exit.o
         6          0          0          0          0        136   heapauxi.o
         0          0          0          0          0          0   indicate_semi.o
         2          0          0          0          0          0   libinit.o
         2          0          0          0          0          0   libinit2.o
         2          0          0          0          0          0   libshutdown.o
         2          0          0          0          0          0   libshutdown2.o
         0          0          0          0         96          0   libspace.o
         8          4          0          0          0         68   rt_errno_addr_intlibspace.o
        64          0          0          0          0        108   rt_memclr.o
         2          0          0          0          0          0   rtexit.o
        10          0          0          0          0          0   rtexit2.o
        12          4          0          0          0         60   sys_exit.o
         2          0          0          0          0         68   use_no_semi.o
        46          0          0          0          0         60   cmpret.o
       348          8          0          0          0        160   faddsub.o
        22          0          0          0          0         68   fcmp.o
       100          4          0          0          0         68   fcmpin.o
       352         10         64          0          0         92   fdiv.o
        94          0          0          0          0         92   fflti.o
        84          4          0          0          0         76   flef.o
       176          4          0          0          0         80   fmul.o
        16          6          0          0          0         68   fnan2.o
        68          4          0          0          0         68   fscalbn.o
        94          0          0          0          0         68   retnan.o
         0          0          0          0          0          0   usenofp.o
        36          0          0          0          0        204   funder.o
       380         42         64          0          0         76   logf.o

    ----------------------------------------------------------------------
      2620        102        128          0         96       1940   Library Totals
        10          0          0          0          0          0   (incl. Padding)

    ----------------------------------------------------------------------

      Code (inc. data)   RO Data    RW Data    ZI Data      Debug   Library Name

       794         20          0          0         96        760   c_p.l
      1400         40         64          0          0        900   fz_ps.l
       416         42         64          0          0        280   m_ps.l

    ----------------------------------------------------------------------
      2620        102        128          0         96       1940   Library Totals

    ----------------------------------------------------------------------

==============================================================================


      Code (inc. data)   RO Data    RW Data    ZI Data      Debug   

      6988        366        440          4       5284      92138   Grand Totals
      6988        366        440          4       5284      92138   ELF Image Totals
      6988        366        440          4          0          0   ROM Totals

==============================================================================

    Total RO  Size (Code + RO Data)                 7428 (   7.25kB)
    Total RW  Size (RW Data + ZI Data)              5288 (   5.16kB)
    Total ROM Size (Code + RO Data + RW Data)       7432 (   7.26kB)

==============================================================================

